     VMA      LMA     Size Align Out     In      Symbol
       0        0        0     1 RAM_START = 0x22000000
       0        0        0     1 RAM_LENGTH = 0x001d4000
       0        0        0     1 FLASH_START = 0x02000000
       0        0        0     1 FLASH_LENGTH = 0x00100000
       0        0        0     1 DATA_FLASH_START = 0x27000000
       0        0        0     1 DATA_FLASH_LENGTH = 0x00000000
       0        0        0     1 SDRAM_START = 0x68000000
       0        0        0     1 SDRAM_LENGTH = 0x08000000
       0        0        0     1 OSPI0_CS0_START = 0x80000000
       0        0        0     1 OSPI0_CS0_LENGTH = 0x10000000
       0        0        0     1 OSPI0_CS1_START = 0x90000000
       0        0        0     1 OSPI0_CS1_LENGTH = 0x10000000
       0        0        0     1 OSPI1_CS0_START = 0x70000000
       0        0        0     1 OSPI1_CS0_LENGTH = 0x08000000
       0        0        0     1 OSPI1_CS1_START = 0x78000000
       0        0        0     1 OSPI1_CS1_LENGTH = 0x08000000
       0        0        0     1 OPTION_SETTING_OFS0_START = 0x02c9f040
       0        0        0     1 OPTION_SETTING_OFS0_LENGTH = 0x00000004
       0        0        0     1 OPTION_SETTING_OFS2_START = 0x02c9f044
       0        0        0     1 OPTION_SETTING_OFS2_LENGTH = 0x00000004
       0        0        0     1 OPTION_SETTING_SAS_START = 0x02c9f074
       0        0        0     1 OPTION_SETTING_SAS_LENGTH = 0x00000004
       0        0        0     1 OPTION_SETTING_OFS1_START = 0x12c9f4c0
       0        0        0     1 OPTION_SETTING_OFS1_LENGTH = 0x00000004
       0        0        0     1 OPTION_SETTING_OFS1_SEC_START = 0x02c9f0c0
       0        0        0     1 OPTION_SETTING_OFS1_SEC_LENGTH = 0x00000004
       0        0        0     1 OPTION_SETTING_OFS1_SEL_START = 0x02c9f120
       0        0        0     1 OPTION_SETTING_OFS1_SEL_LENGTH = 0x00000004
       0        0        0     1 OPTION_SETTING_OFS3_START = 0x12c9f4c4
       0        0        0     1 OPTION_SETTING_OFS3_LENGTH = 0x00000004
       0        0        0     1 OPTION_SETTING_OFS3_SEC_START = 0x02c9f0c4
       0        0        0     1 OPTION_SETTING_OFS3_SEC_LENGTH = 0x00000004
       0        0        0     1 OPTION_SETTING_OFS3_SEL_START = 0x02c9f124
       0        0        0     1 OPTION_SETTING_OFS3_SEL_LENGTH = 0x00000004
       0        0        0     1 OPTION_SETTING_BPS_START = 0x12c9f600
       0        0        0     1 OPTION_SETTING_BPS_LENGTH = 0x00000080
       0        0        0     1 OPTION_SETTING_BPS_SEC_START = 0x02c9f200
       0        0        0     1 OPTION_SETTING_BPS_SEC_LENGTH = 0x00000080
       0        0        0     1 OPTION_SETTING_OTP_PBPS_SEC_START = 0x02e07700
       0        0        0     1 OPTION_SETTING_OTP_PBPS_SEC_LENGTH = 0x00000080
       0        0        0     1 OPTION_SETTING_OTP_PBPS_START = 0x12e07780
       0        0        0     1 OPTION_SETTING_OTP_PBPS_LENGTH = 0x00000080
       0        0        0     1 ITCM_START = 0x00000000
       0        0        0     1 ITCM_LENGTH = 0x00020000
       0        0        0     1 DTCM_START = 0x20000000
       0        0        0     1 DTCM_LENGTH = 0x00020000
90000000 90000000        0     1 .ospi0_cs1.startof
90000000 90000000        0     1         __ddsc_OSPI0_CS1_START = .
68000000 68000000        0     1 .sdram.startof
68000000 68000000        0     1         __ddsc_SDRAM_START = .
68000000 68000000        0     1 __sdram_from_ospi0_cs1$$
68000000 68000000        0     1         __sdram_from_ospi0_cs1$$Base = .
68000000 68000000        0     1         __sdram_from_ospi0_cs1$$Load = LOADADDR ( __sdram_from_ospi0_cs1$$ )
68000000 68000000        0     1         __sdram_from_ospi0_cs1$$Limit = .
80000000 80000000        0     1 .ospi0_cs0.startof
80000000 80000000        0     1         __ddsc_OSPI0_CS0_START = .
80000000 80000000        0     1 __ospi0_cs0_from_ospi0_cs1$$
80000000 80000000        0     1         __ospi0_cs0_from_ospi0_cs1$$Base = .
80000000 80000000        0     1         __ospi0_cs0_from_ospi0_cs1$$Load = LOADADDR ( __ospi0_cs0_from_ospi0_cs1$$ )
80000000 80000000        0     1         __ospi0_cs0_from_ospi0_cs1$$Limit = .
70000000 70000000        0     1 .ospi1_cs0.startof
70000000 70000000        0     1         __ddsc_OSPI1_CS0_START = .
70000000 70000000        0     1 __ospi1_cs0_from_ospi0_cs1$$
70000000 70000000        0     1         __ospi1_cs0_from_ospi0_cs1$$Base = .
70000000 70000000        0     1         __ospi1_cs0_from_ospi0_cs1$$Load = LOADADDR ( __ospi1_cs0_from_ospi0_cs1$$ )
70000000 70000000        0     1         __ospi1_cs0_from_ospi0_cs1$$Limit = .
       0        0        0     1 .itcm.startof
       0        0        0     1         __ddsc_ITCM_START = .
       0        0        0     1 __itcm_from_ospi0_cs1$$
       0        0        0     1         __itcm_from_ospi0_cs1$$Base = .
       0        0        0     1         __itcm_from_ospi0_cs1$$Load = LOADADDR ( __itcm_from_ospi0_cs1$$ )
       0        0        0     1         __itcm_from_ospi0_cs1$$Limit = .
20000000 20000000        0     1 .dtcm.startof
20000000 20000000        0     1         __ddsc_DTCM_START = .
20000000 20000000        0     1 __dtcm_from_ospi0_cs1$$
20000000 20000000        0     1         __dtcm_from_ospi0_cs1$$Base = .
20000000 20000000        0     1         __dtcm_from_ospi0_cs1$$Load = LOADADDR ( __dtcm_from_ospi0_cs1$$ )
20000000 20000000        0     1         __dtcm_from_ospi0_cs1$$Limit = .
22000000 22000000        0     1 .ram.startof
22000000 22000000        0     1         __ddsc_RAM_START = .
22000000 22000000        0     1 __ram_dtc_vector$$
22000000 22000000        0     1         __ram_dtc_vector$$Base = .
22000000 22000000        0     1         __ram_dtc_vector$$Limit = .
22000000 22000000        0     1 __ram_from_ospi0_cs1$$
22000000 22000000        0     1         __ram_from_ospi0_cs1$$Base = .
22000000 22000000        0     1         __ram_from_ospi0_cs1$$Load = LOADADDR ( __ram_from_ospi0_cs1$$ )
22000000 22000000        0     1         __ram_from_ospi0_cs1$$Limit = .
90000000 90000000        0     1 __ospi0_cs1_readonly$$
90000000 90000000        0     1         __ospi0_cs1_readonly$$Base = .
90000000 90000000        0     1         __ospi0_cs1_readonly$$Limit = .
90000000 90000000        0     1 __ospi0_cs1_noinit$$
90000000 90000000        0     1         __ospi0_cs1_noinit$$Base = .
90000000 90000000        0     1         __ospi0_cs1_noinit$$Limit = .
90000000 90000000        0     1 .ospi0_cs1.endof
90000000 90000000        0     1         __ddsc_OSPI0_CS1_END = .
78000000 78000000        0     1 .ospi1_cs1.startof
78000000 78000000        0     1         __ddsc_OSPI1_CS1_START = .
68000000 68000000        0     1 __sdram_from_ospi1_cs1$$
68000000 68000000        0     1         __sdram_from_ospi1_cs1$$Base = .
68000000 68000000        0     1         __sdram_from_ospi1_cs1$$Load = LOADADDR ( __sdram_from_ospi1_cs1$$ )
68000000 68000000        0     1         __sdram_from_ospi1_cs1$$Limit = .
80000000 80000000        0     1 __ospi0_cs0_from_ospi1_cs1$$
80000000 80000000        0     1         __ospi0_cs0_from_ospi1_cs1$$Base = .
80000000 80000000        0     1         __ospi0_cs0_from_ospi1_cs1$$Load = LOADADDR ( __ospi0_cs0_from_ospi1_cs1$$ )
80000000 80000000        0     1         __ospi0_cs0_from_ospi1_cs1$$Limit = .
70000000 70000000        0     1 __ospi1_cs0_from_ospi1_cs1$$
70000000 70000000        0     1         __ospi1_cs0_from_ospi1_cs1$$Base = .
70000000 70000000        0     1         __ospi1_cs0_from_ospi1_cs1$$Load = LOADADDR ( __ospi1_cs0_from_ospi1_cs1$$ )
70000000 70000000        0     1         __ospi1_cs0_from_ospi1_cs1$$Limit = .
       0        0        0     1 __itcm_from_ospi1_cs1$$
       0        0        0     1         __itcm_from_ospi1_cs1$$Base = .
       0        0        0     1         __itcm_from_ospi1_cs1$$Load = LOADADDR ( __itcm_from_ospi1_cs1$$ )
       0        0        0     1         __itcm_from_ospi1_cs1$$Limit = .
20000000 20000000        0     1 __dtcm_from_ospi1_cs1$$
20000000 20000000        0     1         __dtcm_from_ospi1_cs1$$Base = .
20000000 20000000        0     1         __dtcm_from_ospi1_cs1$$Load = LOADADDR ( __dtcm_from_ospi1_cs1$$ )
20000000 20000000        0     1         __dtcm_from_ospi1_cs1$$Limit = .
22000000 22000000        0     1 __ram_from_ospi1_cs1$$
22000000 22000000        0     1         __ram_from_ospi1_cs1$$Base = .
22000000 22000000        0     1         __ram_from_ospi1_cs1$$Load = LOADADDR ( __ram_from_ospi1_cs1$$ )
22000000 22000000        0     1         __ram_from_ospi1_cs1$$Limit = .
78000000 78000000        0     1 __ospi1_cs1_readonly$$
78000000 78000000        0     1         __ospi1_cs1_readonly$$Base = .
78000000 78000000        0     1         __ospi1_cs1_readonly$$Limit = .
78000000 78000000        0     1 __ospi1_cs1_noinit$$
78000000 78000000        0     1         __ospi1_cs1_noinit$$Base = .
78000000 78000000        0     1         __ospi1_cs1_noinit$$Limit = .
78000000 78000000        0     1 .ospi1_cs1.endof
78000000 78000000        0     1         __ddsc_OSPI1_CS1_END = .
27000000 27000000        0     1 .data_flash.startof
27000000 27000000        0     1         __ddsc_DATA_FLASH_START = .
68000000 68000000        0     1 __sdram_from_data_flash$$
68000000 68000000        0     1         __sdram_from_data_flash$$Base = .
68000000 68000000        0     1         __sdram_from_data_flash$$Load = LOADADDR ( __sdram_from_data_flash$$ )
68000000 68000000        0     1         __sdram_from_data_flash$$Limit = .
80000000 80000000        0     1 __ospi0_cs0_from_data_flash$$
80000000 80000000        0     1         __ospi0_cs0_from_data_flash$$Base = .
80000000 80000000        0     1         __ospi0_cs0_from_data_flash$$Load = LOADADDR ( __ospi0_cs0_from_data_flash$$ )
80000000 80000000        0     1         __ospi0_cs0_from_data_flash$$Limit = .
70000000 70000000        0     1 __ospi1_cs0_from_data_flash$$
70000000 70000000        0     1         __ospi1_cs0_from_data_flash$$Base = .
70000000 70000000        0     1         __ospi1_cs0_from_data_flash$$Load = LOADADDR ( __ospi1_cs0_from_data_flash$$ )
70000000 70000000        0     1         __ospi1_cs0_from_data_flash$$Limit = .
       0        0        0     1 __itcm_from_data_flash$$
       0        0        0     1         __itcm_from_data_flash$$Base = .
       0        0        0     1         __itcm_from_data_flash$$Load = LOADADDR ( __itcm_from_data_flash$$ )
       0        0        0     1         __itcm_from_data_flash$$Limit = .
20000000 20000000        0     1 __dtcm_from_data_flash$$
20000000 20000000        0     1         __dtcm_from_data_flash$$Base = .
20000000 20000000        0     1         __dtcm_from_data_flash$$Load = LOADADDR ( __dtcm_from_data_flash$$ )
20000000 20000000        0     1         __dtcm_from_data_flash$$Limit = .
22000000 22000000        0     1 __ram_from_data_flash$$
22000000 22000000        0     1         __ram_from_data_flash$$Base = .
22000000 22000000        0     1         __ram_from_data_flash$$Load = LOADADDR ( __ram_from_data_flash$$ )
22000000 22000000        0     1         __ram_from_data_flash$$Limit = .
27000000 27000000        0     1 __data_flash_readonly$$
27000000 27000000        0     1         __data_flash_readonly$$Base = .
27000000 27000000        0     1         __data_flash_readonly$$Limit = .
27000000 27000000        0     1 __data_flash_noinit$$
27000000 27000000        0     1         __data_flash_noinit$$Base = .
27000000 27000000        0     1         __data_flash_noinit$$Limit = .
27000000 27000000        0     1 .data_flash.endof
27000000 27000000        0     1         __ddsc_DATA_FLASH_END = .
 2000000  2000000        0     1 .flash.startof
 2000000  2000000        0     1         __ddsc_FLASH_START = .
 2000000  2000000       4c     4 __flash_vectors$$
 2000000  2000000        0     1         __flash_vectors$$Base = .
 2000000  2000000        0     1         _VECTORS = .
 2000000  2000000       40     4         ./ra/fsp/src/bsp/cmsis/Device/RENESAS/Source/startup.o:(.fixed_vectors)
 2000000  2000000       40     1                 __Vectors
 2000040  2000040        c     4         ./ra_gen/vector_data.o:(.application_vectors)
 2000040  2000040        c     1                 g_vector_table
 200004c  200004c        0     1         __flash_vectors$$Limit = .
 200004c  200004c       18     4 .eh_frame
 200004c  200004c       14     1         /Applications/Renesas e2 studio with RA FSP v6.0.0/toolchains/LLVM-ET-Arm-18.1.3-Darwin-universal/bin/../lib/clang-runtimes/arm-none-eabi/armv8.1m.main_hard_fpdp_nomve_exn_rtti/lib/libc.a(strlen.S.o):(.eh_frame+0x0)
 2000064  2000064        0     1 __flash_noinit$$
 2000064  2000064        0     1         __flash_noinit$$Base = .
 2000064  2000064        0     1         __flash_noinit$$Limit = .
68000000 68000000        0     1 __sdram_from_flash$$
68000000 68000000        0     1         __sdram_from_flash$$Base = .
68000000 68000000        0     1         __sdram_from_flash$$Load = LOADADDR ( __sdram_from_flash$$ )
68000000 68000000        0     1         __sdram_from_flash$$Limit = .
68000000 68000000        0     1 __sdram_noinit_nocache$$
68000000 68000000        0     1         __sdram_noinit_nocache$$Base = .
68000000 68000000        0     1         __sdram_noinit_nocache$$Limit = .
68000000 68000000        0     1 __sdram_zero_nocache$$
68000000 68000000        0     1         __sdram_zero_nocache$$Base = .
68000000 68000000        0     1         . = ALIGN ( 32 )
68000000 68000000        0     1         __sdram_zero_nocache$$Limit = .
68000000 68000000        0     1 __sdram_noinit$$
68000000 68000000        0     1         __sdram_noinit$$Base = .
68000000 68000000        0     1         __sdram_noinit$$Limit = .
68000000 68000000        0     1 __sdram_zero$$
68000000 68000000        0     1         __sdram_zero$$Base = .
68000000 68000000        0     1         __sdram_zero$$Limit = .
68000000 68000000        0     1 .sdram.endof
68000000 68000000        0     1         __ddsc_SDRAM_END = .
80000000 80000000        0     1 __ospi0_cs0_from_flash$$
80000000 80000000        0     1         __ospi0_cs0_from_flash$$Base = .
80000000 80000000        0     1         __ospi0_cs0_from_flash$$Load = LOADADDR ( __ospi0_cs0_from_flash$$ )
80000000 80000000        0     1         __ospi0_cs0_from_flash$$Limit = .
80000000 80000000        0     1 __ospi0_cs0_noinit_nocache$$
80000000 80000000        0     1         __ospi0_cs0_noinit_nocache$$Base = .
80000000 80000000        0     1         __ospi0_cs0_noinit_nocache$$Limit = .
80000000 80000000        0     1 __ospi0_cs0_zero_nocache$$
80000000 80000000        0     1         __ospi0_cs0_zero_nocache$$Base = .
80000000 80000000        0     1         . = ALIGN ( 32 )
80000000 80000000        0     1         __ospi0_cs0_zero_nocache$$Limit = .
80000000 80000000        0     1 __ospi0_cs0_noinit$$
80000000 80000000        0     1         __ospi0_cs0_noinit$$Base = .
80000000 80000000        0     1         __ospi0_cs0_noinit$$Limit = .
80000000 80000000        0     1 __ospi0_cs0_zero$$
80000000 80000000        0     1         __ospi0_cs0_zero$$Base = .
80000000 80000000        0     1         __ospi0_cs0_zero$$Limit = .
80000000 80000000        0     1 .ospi0_cs0.endof
80000000 80000000        0     1         __ddsc_OSPI0_CS0_END = .
70000000 70000000        0     1 __ospi1_cs0_from_flash$$
70000000 70000000        0     1         __ospi1_cs0_from_flash$$Base = .
70000000 70000000        0     1         __ospi1_cs0_from_flash$$Load = LOADADDR ( __ospi1_cs0_from_flash$$ )
70000000 70000000        0     1         __ospi1_cs0_from_flash$$Limit = .
70000000 70000000        0     1 __ospi1_cs0_noinit_nocache$$
70000000 70000000        0     1         __ospi1_cs0_noinit_nocache$$Base = .
70000000 70000000        0     1         __ospi1_cs0_noinit_nocache$$Limit = .
70000000 70000000        0     1 __ospi1_cs0_zero_nocache$$
70000000 70000000        0     1         __ospi1_cs0_zero_nocache$$Base = .
70000000 70000000        0     1         . = ALIGN ( 32 )
70000000 70000000        0     1         __ospi1_cs0_zero_nocache$$Limit = .
70000000 70000000        0     1 __ospi1_cs0_noinit$$
70000000 70000000        0     1         __ospi1_cs0_noinit$$Base = .
70000000 70000000        0     1         __ospi1_cs0_noinit$$Limit = .
70000000 70000000        0     1 __ospi1_cs0_zero$$
70000000 70000000        0     1         __ospi1_cs0_zero$$Base = .
70000000 70000000        0     1         __ospi1_cs0_zero$$Limit = .
70000000 70000000        0     1 .ospi1_cs0.endof
70000000 70000000        0     1         __ddsc_OSPI1_CS0_END = .
       0        0        0     1 __itcm_from_flash$$
       0        0        0     1         __itcm_from_flash$$Base = .
       0        0        0     1         __itcm_from_flash$$Load = LOADADDR ( __itcm_from_flash$$ )
       0        0        0     1         __itcm_from_flash$$Limit = .
       0        0        0     1 __itcm_noinit$$
       0        0        0     1         __itcm_noinit$$Base = .
       0        0        0     1         __itcm_noinit$$Limit = .
       0        0        0     1 __itcm_zero$$
       0        0        0     1         __itcm_zero$$Base = .
       0        0        0     1         __itcm_zero$$Limit = .
       0        0        0     1 .itcm.endof
       0        0        0     1         __ddsc_ITCM_END = .
20000000 20000000        0     1 __dtcm_from_flash$$
20000000 20000000        0     1         __dtcm_from_flash$$Base = .
20000000 20000000        0     1         __dtcm_from_flash$$Load = LOADADDR ( __dtcm_from_flash$$ )
20000000 20000000        0     1         __dtcm_from_flash$$Limit = .
20000000 20000000        0     1 __dtcm_noinit$$
20000000 20000000        0     1         __dtcm_noinit$$Base = .
20000000 20000000        0     1         __dtcm_noinit$$Limit = .
20000000 20000000        0     1 __dtcm_zero$$
20000000 20000000        0     1         __dtcm_zero$$Base = .
20000000 20000000        0     1         __dtcm_zero$$Limit = .
20000000 20000000        0     1 .dtcm.endof
20000000 20000000        0     1         __ddsc_DTCM_END = .
22000000 22000000        0     1 __ram_from_flash$$
22000000 22000000        0     1         __ram_from_flash$$Base = .
22000000 22000000        0     1         __ram_from_flash$$Load = LOADADDR ( __ram_from_flash$$ )
22000000 22000000        0     1         __ram_from_flash$$Limit = .
22000000 22000000        0     1 __ram_noinit_nocache$$
22000000 22000000        0     1         __ram_noinit_nocache$$Base = .
22000000 22000000        0     1         __ram_noinit_nocache$$Limit = .
22000000 22000000        0     1 __ram_zero_nocache$$
22000000 22000000        0     1         __ram_zero_nocache$$Base = .
22000000 22000000        0     1         . = ALIGN ( 32 )
22000000 22000000        0     1         __ram_zero_nocache$$Limit = .
22000000 22000000      42c     8 __ram_noinit$$
22000000 22000000        0     1         __ram_noinit$$Base = .
22000000 22000000      400     8         ./ra/fsp/src/bsp/cmsis/Device/RENESAS/Source/startup.o:(.bss.g_main_stack)
22000000 22000000      400     1                 g_main_stack
22000400 22000400       2c     4         ./ra/fsp/src/bsp/mcu/all/bsp_clocks.o:(.ram_noinit)
22000400 22000400       2c     1                 g_clock_freq
2200042c 2200042c        0     1         __ram_noinit$$Limit = .
22000430 22000430     2974    16 __ram_zero$$
22000430 22000430        0     1         __ram_zero$$Base = .
22000430 22000430       a8     4         ./src/SEGGER_RTT/SEGGER_RTT.o:(.bss._SEGGER_RTT)
22000430 22000430       a8     1                 _SEGGER_RTT
220004d8 220004d8      800     1         ./src/SEGGER_RTT/SEGGER_RTT.o:(.bss._acUpBuffer)
220004d8 220004d8      800     1                 _acUpBuffer
22000cd8 22000cd8       10     1         ./src/SEGGER_RTT/SEGGER_RTT.o:(.bss._acDownBuffer)
22000cd8 22000cd8       10     1                 _acDownBuffer
22000ce8 22000ce8     2000     4         ./src/pdm.o:(.bss.g_pdm0_buffer)
22000ce8 22000ce8     2000     1                 g_pdm0_buffer
22002ce8 22002ce8        4     4         ./src/pdm.o:(.bss.g_callback_end_count)
22002ce8 22002ce8        4     1                 g_callback_end_count
22002cec 22002cec        1     4         ./src/pdm.o:(.bss.g_callback_start_count)
22002cec 22002cec        1     1                 g_callback_start_count
22002cf0 22002cf0        4     4         ./src/pdm.o:(.bss.g_data_callback_count)
22002cf0 22002cf0        4     1                 g_data_callback_count
22002cf4 22002cf4        4     4         ./src/pdm.o:(.bss.g_sound_detection_count)
22002cf4 22002cf4        4     1                 g_sound_detection_count
22002cf8 22002cf8        4     4         ./src/pdm.o:(.bss.g_error_count)
22002cf8 22002cf8        4     1                 g_error_count
22002cfc 22002cfc        8     4         ./ra_gen/common_data.o:(.bss.g_ioport_ctrl)
22002cfc 22002cfc        8     1                 g_ioport_ctrl
22002d04 22002d04       2c     4         ./ra_gen/hal_data.o:(.bss.g_pdm0_ctrl)
22002d04 22002d04       2c     1                 g_pdm0_ctrl
22002d30 22002d30       54     4         ./ra/fsp/src/bsp/mcu/all/bsp_group_irq.o:(.bss.g_bsp_group_irq_sources)
22002d30 22002d30       54     1                 g_bsp_group_irq_sources
22002d84 22002d84        4     4         ./ra/fsp/src/bsp/mcu/all/bsp_io.o:(.bss.g_protect_pfswe_counter)
22002d84 22002d84        4     1                 g_protect_pfswe_counter
22002d88 22002d88        c     4         ./ra/fsp/src/bsp/mcu/all/bsp_irq.o:(.bss.gp_renesas_isr_context)
22002d88 22002d88        c     1                 gp_renesas_isr_context
22002d94 22002d94        8     2         ./ra/fsp/src/bsp/mcu/all/bsp_register_protection.o:(.bss.g_protect_counters)
22002d94 22002d94        8     1                 g_protect_counters
22002d9c 22002d9c        4     4         ./ra/fsp/src/bsp/cmsis/Device/RENESAS/Source/system.o:(.bss.SystemCoreClock)
22002d9c 22002d9c        4     1                 SystemCoreClock
22002da0 22002da0        4    16         /Applications/Renesas e2 studio with RA FSP v6.0.0/toolchains/LLVM-ET-Arm-18.1.3-Darwin-universal/bin/../lib/clang-runtimes/arm-none-eabi/armv8.1m.main_hard_fpdp_nomve_exn_rtti/lib/libc.a(libc_picolib_machine_arm_read_tp.S.o):(.bss)
22002da0 22002da0        4     1                 __tls
22002da4 22002da4        0     1         __ram_zero$$Limit = .
22002da4 22002da4        0     1 __ram_tdata$$
22002da4 22002da4        0     1         __ram_tdata$$Base = .
22002da4 22002da4        0     1         __ram_tdata$$Load = LOADADDR ( __ram_tdata$$ )
22002da4 22002da4        0     1         __ram_tdata$$Limit = .
22002da4 22002da4        0     1 __ram_tbss$$
22002da4 22002da4        0     1         __ram_tbss$$Base = .
22002da4 22002da4        0     1         __ram_tbss$$Limit = .
22002da8 22002da8        0     1 __ram_thread_stack$$
22002da8 22002da8        0     1         __ram_thread_stack$$Base = .
22002da8 22002da8        0     1         __ram_thread_stack$$Limit = .
22004000 22004000        0     1 .ram.endof
22004000 22004000        0     1         __ddsc_RAM_END = .
22004000 22004000        0     1 .ram.flat_nsc
22004000 22004000        0     1         __sau_ddsc_RAM_NSC = .
 2000070  2000070     3296    16 __flash_readonly$$
 2000070  2000070        0     1         __flash_readonly$$Base = .
 2000070  2000070      186     2         ./src/SEGGER_RTT/SEGGER_RTT.o:(.text.SEGGER_RTT_WriteNoLock)
 2000070  2000070        0     1                 $t.6
 2000071  2000071      186     1                 SEGGER_RTT_WriteNoLock
 20001f6  20001f6       a6     2         ./src/SEGGER_RTT/SEGGER_RTT.o:(.text.SEGGER_RTT_Write)
 20001f6  20001f6        0     1                 $t.8
 20001f7  20001f7       a6     1                 SEGGER_RTT_Write
 200029c  200029c       78     2         ./src/SEGGER_RTT/SEGGER_RTT.o:(.text.SEGGER_RTT_Init)
 200029c  200029c        0     1                 $t.26
 200029d  200029d       78     1                 SEGGER_RTT_Init
 2000314  2000314      488     4         ./src/SEGGER_RTT/SEGGER_RTT_printf.o:(.text.SEGGER_RTT_vprintf)
 2000314  2000314        0     1                 $t.0
 2000315  2000315      488     1                 SEGGER_RTT_vprintf
 20003ae  20003ae        0     1                 $d.1
 20003bc  20003bc        0     1                 $t.2
 2000472  2000472        0     1                 $d.3
 2000494  2000494        0     1                 $t.4
 200079c  200079c      180     2         ./src/SEGGER_RTT/SEGGER_RTT_printf.o:(.text._PrintUnsigned)
 200079c  200079c        0     1                 $t.5
 200079d  200079d      180     1                 _PrintUnsigned
 200091c  200091c       22     2         ./src/SEGGER_RTT/SEGGER_RTT_printf.o:(.text.SEGGER_RTT_printf)
 200091c  200091c        0     1                 $t.6
 200091d  200091d       22     1                 SEGGER_RTT_printf
 200093e  200093e        4     2         ./src/hal_entry.o:(.text.hal_entry)
 200093e  200093e        0     1                 $t.0
 200093f  200093f        4     1                 hal_entry
 2000942  2000942       1a     2         ./src/hal_entry.o:(.text.R_BSP_WarmStart)
 2000942  2000942        0     1                 $t.1
 2000943  2000943       1a     1                 R_BSP_WarmStart
 200095c  200095c      324     2         ./src/pdm.o:(.text.r_pdm_basic_messaging_core0_example)
 200095c  200095c        0     1                 $t.0
 200095d  200095d      324     1                 r_pdm_basic_messaging_core0_example
 2000c80  2000c80      1c4     2         ./src/pdm.o:(.text.pdm0_callback)
 2000c80  2000c80        0     1                 $t.1
 2000c81  2000c81      1c4     1                 pdm0_callback
 2000e44  2000e44        c     2         ./ra_gen/main.o:(.text.main)
 2000e44  2000e44        0     1                 $t.0
 2000e45  2000e45        c     1                 main
 2000e50  2000e50      15c     2         ./ra/fsp/src/r_pdm/r_pdm.o:(.text.R_PDM_Open)
 2000e50  2000e50        0     1                 $t.0
 2000e51  2000e51      15c     1                 R_PDM_Open
 2000fac  2000fac       f0     2         ./ra/fsp/src/r_pdm/r_pdm.o:(.text.R_PDM_Start)
 2000fac  2000fac        0     1                 $t.1
 2000fad  2000fad       f0     1                 R_PDM_Start
 200109c  200109c       8e     2         ./ra/fsp/src/r_pdm/r_pdm.o:(.text.R_PDM_Stop)
 200109c  200109c        0     1                 $t.2
 200109d  200109d       8e     1                 R_PDM_Stop
 200112a  200112a      15a     2         ./ra/fsp/src/r_pdm/r_pdm.o:(.text.R_PDM_SoundDetectionEnable)
 200112a  200112a        0     1                 $t.3
 200112b  200112b      15a     1                 R_PDM_SoundDetectionEnable
 2001284  2001284      134     2         ./ra/fsp/src/r_pdm/r_pdm.o:(.text.R_PDM_Close)
 2001284  2001284        0     1                 $t.7
 2001285  2001285      134     1                 R_PDM_Close
 20013b8  20013b8       96     2         ./ra/fsp/src/r_pdm/r_pdm.o:(.text.r_pdm_dependent_drivers_configure)
 20013b8  20013b8        0     1                 $t.9
 20013b9  20013b9       96     1                 r_pdm_dependent_drivers_configure
 200144e  200144e       6e     2         ./ra/fsp/src/r_pdm/r_pdm.o:(.text.R_BSP_IrqCfgEnable)
 200144e  200144e        0     1                 $t.10
 200144f  200144f       6e     1                 R_BSP_IrqCfgEnable
 20014bc  20014bc       88     2         ./ra/fsp/src/r_pdm/r_pdm.o:(.text.pdm_sdet_isr)
 20014bc  20014bc        0     1                 $t.11
 20014bd  20014bd       88     1                 pdm_sdet_isr
 2001544  2001544       c4     2         ./ra/fsp/src/r_pdm/r_pdm.o:(.text.pdm_dat_isr)
 2001544  2001544        0     1                 $t.12
 2001545  2001545       c4     1                 pdm_dat_isr
 2001608  2001608       7c     2         ./ra/fsp/src/r_pdm/r_pdm.o:(.text.pdm_err_isr)
 2001608  2001608        0     1                 $t.13
 2001609  2001609       7c     1                 pdm_err_isr
 2001684  2001684       18     2         ./ra/fsp/src/r_ioport/r_ioport.o:(.text.R_IOPORT_Open)
 2001684  2001684        0     1                 $t.0
 2001685  2001685       18     1                 R_IOPORT_Open
 200169c  200169c       ce     2         ./ra/fsp/src/r_ioport/r_ioport.o:(.text.r_ioport_pins_config)
 200169c  200169c        0     1                 $t.13
 200169d  200169d       ce     1                 r_ioport_pins_config
 200176a  200176a       de     2         ./ra/fsp/src/r_ioport/r_ioport.o:(.text.bsp_vbatt_init)
 200176a  200176a        0     1                 $t.14
 200176b  200176b       de     1                 bsp_vbatt_init
 2001848  2001848       aa     4         ./ra/fsp/src/bsp/mcu/all/bsp_clocks.o:(.text.SystemCoreClockUpdate)
 2001848  2001848        0     1                 $t.2
 2001849  2001849       aa     1                 SystemCoreClockUpdate
 2001864  2001864        0     1                 $d.3
 2001868  2001868        0     1                 $t.4
 2001900  2001900      610    16         ./ra/fsp/src/bsp/mcu/all/bsp_clocks.o:(.text.bsp_clock_init)
 2001900  2001900        0     1                 $t.15
 2001901  2001901      610     1                 bsp_clock_init
 200197c  200197c        0     1                 $d.16
 2001980  2001980        0     1                 $t.17
 2001afc  2001afc        0     1                 $d.18
 2001b00  2001b00        0     1                 $t.19
 2001b88  2001b88        0     1                 $d.20
 2001b8c  2001b8c        0     1                 $t.21
 2001ef0  2001ef0        0     1                 $d.22
 2001f10  2001f10        2     2         ./ra/fsp/src/bsp/mcu/all/bsp_clocks.o:(.text.R_BSP_SubClockStabilizeWaitAfterReset)
 2001f10  2001f10        0     1                 $t.25
 2001f11  2001f11        2     1                 R_BSP_SubClockStabilizeWaitAfterReset
 2001f12  2001f12       80     2         ./ra/fsp/src/bsp/mcu/all/bsp_clocks.o:(.text.R_BSP_Init_RTC)
 2001f12  2001f12        0     1                 $t.27
 2001f13  2001f13       80     1                 R_BSP_Init_RTC
 2001f92  2001f92       7c     2         ./ra/fsp/src/bsp/mcu/all/bsp_delay.o:(.text.R_BSP_SoftwareDelay)
 2001f92  2001f92        0     1                 $t.0
 2001f93  2001f93       7c     1                 R_BSP_SoftwareDelay
 2002010  2002010        8     8         ./ra/fsp/src/bsp/mcu/all/bsp_delay.o:(.text.bsp_prv_software_delay_loop)
 2002010  2002010        0     1                 sw_delay_loop
 2002010  2002010        0     1                 $t.1
 2002011  2002011        8     1                 bsp_prv_software_delay_loop
 2002018  2002018       56     2         ./ra/fsp/src/bsp/mcu/all/bsp_group_irq.o:(.text.NMI_Handler)
 2002018  2002018        0     1                 $t.1
 2002019  2002019       56     1                 NMI_Handler
 200206e  200206e       2a     2         ./ra/fsp/src/bsp/mcu/all/bsp_irq.o:(.text.bsp_irq_cfg)
 200206e  200206e        0     1                 $t.0
 200206f  200206f       2a     1                 bsp_irq_cfg
 2002098  2002098       54     2         ./ra/fsp/src/bsp/mcu/all/bsp_register_protection.o:(.text.R_BSP_RegisterProtectEnable)
 2002098  2002098        0     1                 $t.0
 2002099  2002099       54     1                 R_BSP_RegisterProtectEnable
 20020ec  20020ec       4e     2         ./ra/fsp/src/bsp/mcu/all/bsp_register_protection.o:(.text.R_BSP_RegisterProtectDisable)
 20020ec  20020ec        0     1                 $t.1
 20020ed  20020ed       4e     1                 R_BSP_RegisterProtectDisable
 200213a  200213a        e     2         ./ra/fsp/src/bsp/cmsis/Device/RENESAS/Source/startup.o:(.text.Reset_Handler)
 200213a  200213a        0     1                 $t.0
 200213b  200213b        e     1                 Reset_Handler
 2002148  2002148        4     2         ./ra/fsp/src/bsp/cmsis/Device/RENESAS/Source/startup.o:(.text.Default_Handler)
 2002148  2002148        0     1                 $t.1
 2002149  2002149        4     1                 Default_Handler
 2002149  2002149        4     1                 HardFault_Handler
 2002149  2002149        4     1                 MemManage_Handler
 2002149  2002149        4     1                 BusFault_Handler
 2002149  2002149        4     1                 UsageFault_Handler
 2002149  2002149        4     1                 SecureFault_Handler
 2002149  2002149        4     1                 SVC_Handler
 2002149  2002149        4     1                 DebugMon_Handler
 2002149  2002149        4     1                 PendSV_Handler
 2002149  2002149        4     1                 SysTick_Handler
 2002150  2002150      2c6     8         ./ra/fsp/src/bsp/cmsis/Device/RENESAS/Source/system.o:(.text.SystemInit)
 2002150  2002150        0     1                 $t.0
 2002151  2002151      2c6     1                 SystemInit
 2002230  2002230        0     1                 memset_64_loop_start_0
 2002238  2002238        0     1                 memset_64_loop_end_0
 2002240  2002240        0     1                 memset_64_loop_start_1
 2002248  2002248        0     1                 memset_64_loop_end_1
 2002416  2002416        2     2         ./ra/board/ra8p1_ek/board_init.o:(.text.bsp_init)
 2002416  2002416        0     1                 $t.0
 2002417  2002417        2     1                 bsp_init
 2002418  2002418       2c     4         /Applications/Renesas e2 studio with RA FSP v6.0.0/toolchains/LLVM-ET-Arm-18.1.3-Darwin-universal/bin/../lib/clang-runtimes/arm-none-eabi/armv8.1m.main_hard_fpdp_nomve_exn_rtti/lib/libc.a(libc_picolib_inittls.c.o):(.text._init_tls)
 2002418  2002418        0     1                 $t.0
 2002419  2002419       2c     1                 _init_tls
 2002434  2002434        0     1                 $d.1
 2002444  2002444       14     4         /Applications/Renesas e2 studio with RA FSP v6.0.0/toolchains/LLVM-ET-Arm-18.1.3-Darwin-universal/bin/../lib/clang-runtimes/arm-none-eabi/armv8.1m.main_hard_fpdp_nomve_exn_rtti/lib/libc.a(libc_picolib_machine_arm_tls.c.o):(.text._set_tls)
 2002444  2002444        0     1                 $t.0
 2002445  2002445       14     1                 _set_tls
 2002450  2002450        0     1                 $d.1
 2002458  2002458        8     2         /Applications/Renesas e2 studio with RA FSP v6.0.0/toolchains/LLVM-ET-Arm-18.1.3-Darwin-universal/bin/../lib/clang-runtimes/arm-none-eabi/armv8.1m.main_hard_fpdp_nomve_exn_rtti/lib/libc.a(bzero.c.o):(.text.bzero)
 2002458  2002458        0     1                 $t.0
 2002459  2002459        8     1                 bzero
 2002459  2002459        8     1                 __aeabi_memclr4
 2002459  2002459        8     1                 __aeabi_memclr8
 2002459  2002459        8     1                 __aeabi_memclr
 2002460  2002460       14     2         /Applications/Renesas e2 studio with RA FSP v6.0.0/toolchains/LLVM-ET-Arm-18.1.3-Darwin-universal/bin/../lib/clang-runtimes/arm-none-eabi/armv8.1m.main_hard_fpdp_nomve_exn_rtti/lib/libc.a(memcpy.c.o):(.text.memcpy)
 2002460  2002460        0     1                 $t.0
 2002461  2002461       14     1                 memcpy
 2002461  2002461       14     1                 __aeabi_memcpy4
 2002461  2002461       14     1                 __aeabi_memcpy8
 2002461  2002461       14     1                 __aeabi_memcpy
 2002474  2002474        e     2         /Applications/Renesas e2 studio with RA FSP v6.0.0/toolchains/LLVM-ET-Arm-18.1.3-Darwin-universal/bin/../lib/clang-runtimes/arm-none-eabi/armv8.1m.main_hard_fpdp_nomve_exn_rtti/lib/libc.a(memset.c.o):(.text.memset)
 2002474  2002474        0     1                 $t.0
 2002475  2002475        e     1                 memset
 2002482  2002482       11     1         ./src/SEGGER_RTT/SEGGER_RTT.o:(.rodata._DoInit._aInitStr)
 2002482  2002482       11     1                 _DoInit._aInitStr
 2002493  2002493      629     1         <internal>:(.rodata.str1.1)
 2002abc  2002abc       10     1         <internal>:(.rodata.cst16)
 2002acc  2002acc       74     4         ./ra_gen/hal_data.o:(.rodata.g_pdm0_cfg_extend)
 2002acc  2002acc       74     1                 g_pdm0_cfg_extend
 2002b40  2002b40       24     4         ./ra_gen/hal_data.o:(.rodata.g_pdm0_cfg)
 2002b40  2002b40       24     1                 g_pdm0_cfg
 2002b64  2002b64      4e8     4         ./ra_gen/pin_data.o:(.rodata.g_bsp_pin_cfg_data)
 2002b64  2002b64      4e8     1                 g_bsp_pin_cfg_data
 200304c  200304c        c     4         ./ra_gen/pin_data.o:(.rodata.g_bsp_pin_cfg)
 200304c  200304c        c     1                 g_bsp_pin_cfg
 2003058  2003058        6     2         ./ra_gen/vector_data.o:(.rodata.g_interrupt_event_link_select)
 2003058  2003058        6     1                 g_interrupt_event_link_select
 200305e  200305e        6     2         ./ra/fsp/src/r_ioport/r_ioport.o:(.rodata.g_vbatt_pins_input)
 200305e  200305e        6     1                 g_vbatt_pins_input
 2003064  2003064       20     4         ./ra/fsp/src/bsp/mcu/ra8p1/bsp_linker.o:(.rodata.nocache_list)
 2003064  2003064       20     1                 nocache_list
 2003084  2003084       18     4         ./ra/fsp/src/bsp/mcu/ra8p1/bsp_linker.o:(.rodata.g_init_info)
 2003084  2003084       18     1                 g_init_info
 200309c  200309c       84     4         ./ra/fsp/src/bsp/mcu/ra8p1/bsp_linker.o:(.rodata.zero_list)
 200309c  200309c       84     1                 zero_list
 2003120  2003120      190     4         ./ra/fsp/src/bsp/mcu/ra8p1/bsp_linker.o:(.rodata.copy_list)
 2003120  2003120      190     1                 copy_list
 20032b0  20032b0        8     2         <internal>:(.rodata.cst8)
 20032b8  20032b8       4e     4         ./ra/fsp/src/bsp/mcu/all/bsp_common.o:(.version)
 20032b8  20032b8        4     1                 g_fsp_version
 20032bc  20032bc        6     1                 g_fsp_version_string
 20032c2  20032c2       44     1                 g_fsp_version_build_string
 2003306  2003306        0     1         __flash_readonly$$Limit = .
 2003306  2003306        0     1 __flash_preinit_array$$
 2003306  2003306        0     1         __preinit_array_start = .
 2003306  2003306        0     1         __preinit_array_end = .
 2003306  2003306        0     1 __flash_init_array$$
 2003306  2003306        0     1         __init_array_start = .
 2003306  2003306        0     1         __init_array_end = .
 2003306  2003306        0     1 __flash_fini_array$$
 2003306  2003306        0     1         __fini_array_start = .
 2003306  2003306        0     1         __fini_array_end = .
 2003306  2003306        0     1 __flash_arm.exidx$$
 2003306  2003306        0     1         __exidx_start = .
 2003306  2003306        0     1         __exidx_end = .
 2008000  2008000        0     1 .flash.endof
 2008000  2008000        0     1         __ddsc_FLASH_END = .
 2008000  2008000        0     1 .flash.flat_nsc
 2008000  2008000        0     1         __sau_ddsc_FLASH_NSC = .
 2c9f040  2c9f040        0     1 .option_setting_ofs0.startof
 2c9f040  2c9f040        0     1         __ddsc_OPTION_SETTING_OFS0_START = .
 2c9f040  2c9f040        4     4 __option_setting_ofs0_reg$$
 2c9f040  2c9f040        0     1         __option_setting_ofs0_reg$$Base = .
 2c9f040  2c9f040        4     4         ./ra/fsp/src/bsp/mcu/ra8p1/bsp_linker.o:(.option_setting_ofs0)
 2c9f040  2c9f040        4     1                 g_bsp_cfg_option_setting_ofs0
 2c9f044  2c9f044        0     1         __option_setting_ofs0_reg$$Limit = .
 2c9f044  2c9f044        0     1 .option_setting_ofs0.endof
 2c9f044  2c9f044        0     1         __ddsc_OPTION_SETTING_OFS0_END = .
 2c9f044  2c9f044        0     1 .option_setting_ofs2.startof
 2c9f044  2c9f044        0     1         __ddsc_OPTION_SETTING_OFS2_START = .
 2c9f044  2c9f044        4     4 __option_setting_ofs2_reg$$
 2c9f044  2c9f044        0     1         __option_setting_ofs2_reg$$Base = .
 2c9f044  2c9f044        4     4         ./ra/fsp/src/bsp/mcu/ra8p1/bsp_linker.o:(.option_setting_ofs2)
 2c9f044  2c9f044        4     1                 g_bsp_cfg_option_setting_ofs2
 2c9f048  2c9f048        0     1         __option_setting_ofs2_reg$$Limit = .
 2c9f048  2c9f048        0     1 .option_setting_ofs2.endof
 2c9f048  2c9f048        0     1         __ddsc_OPTION_SETTING_OFS2_END = .
 2c9f074  2c9f074        0     1 .option_setting_sas.startof
 2c9f074  2c9f074        0     1         __ddsc_OPTION_SETTING_SAS_START = .
 2c9f074  2c9f074        0     1 __option_setting_sas_reg$$
 2c9f074  2c9f074        0     1         __option_setting_sas_reg$$Base = .
 2c9f074  2c9f074        0     1         __option_setting_sas_reg$$Limit = .
 2c9f074  2c9f074        0     1 .option_setting_sas.endof
 2c9f074  2c9f074        0     1         __ddsc_OPTION_SETTING_SAS_END = .
12c9f4c0 12c9f4c0        0     1 .option_setting_ofs1.startof
12c9f4c0 12c9f4c0        0     1         __ddsc_OPTION_SETTING_OFS1_START = .
12c9f4c0 12c9f4c0        0     1 __option_setting_ofs1_reg$$
12c9f4c0 12c9f4c0        0     1         __option_setting_ofs1_reg$$Base = .
12c9f4c0 12c9f4c0        0     1         __option_setting_ofs1_reg$$Limit = .
12c9f4c0 12c9f4c0        0     1 .option_setting_ofs1.endof
12c9f4c0 12c9f4c0        0     1         __ddsc_OPTION_SETTING_OFS1_END = .
 2c9f0c0  2c9f0c0        0     1 .option_setting_ofs1_sec.startof
 2c9f0c0  2c9f0c0        0     1         __ddsc_OPTION_SETTING_OFS1_SEC_START = .
 2c9f0c0  2c9f0c0        4     4 __option_setting_ofs1_sec_reg$$
 2c9f0c0  2c9f0c0        0     1         __option_setting_ofs1_sec_reg$$Base = .
 2c9f0c0  2c9f0c0        4     4         ./ra/fsp/src/bsp/mcu/ra8p1/bsp_linker.o:(.option_setting_ofs1_sec)
 2c9f0c0  2c9f0c0        4     1                 g_bsp_cfg_option_setting_ofs1_sec
 2c9f0c4  2c9f0c4        0     1         __option_setting_ofs1_sec_reg$$Limit = .
 2c9f0c4  2c9f0c4        0     1 .option_setting_ofs1_sec.endof
 2c9f0c4  2c9f0c4        0     1         __ddsc_OPTION_SETTING_OFS1_SEC_END = .
 2c9f120  2c9f120        0     1 .option_setting_ofs1_sel.startof
 2c9f120  2c9f120        0     1         __ddsc_OPTION_SETTING_OFS1_SEL_START = .
 2c9f120  2c9f120        4     4 __option_setting_ofs1_sel_reg$$
 2c9f120  2c9f120        0     1         __option_setting_ofs1_sel_reg$$Base = .
 2c9f120  2c9f120        4     4         ./ra/fsp/src/bsp/mcu/ra8p1/bsp_linker.o:(.option_setting_ofs1_sel)
 2c9f120  2c9f120        4     1                 g_bsp_cfg_option_setting_ofs1_sel
 2c9f124  2c9f124        0     1         __option_setting_ofs1_sel_reg$$Limit = .
 2c9f124  2c9f124        0     1 .option_setting_ofs1_sel.endof
 2c9f124  2c9f124        0     1         __ddsc_OPTION_SETTING_OFS1_SEL_END = .
12c9f4c4 12c9f4c4        0     1 .option_setting_ofs3.startof
12c9f4c4 12c9f4c4        0     1         __ddsc_OPTION_SETTING_OFS3_START = .
12c9f4c4 12c9f4c4        0     1 __option_setting_ofs3_reg$$
12c9f4c4 12c9f4c4        0     1         __option_setting_ofs3_reg$$Base = .
12c9f4c4 12c9f4c4        0     1         __option_setting_ofs3_reg$$Limit = .
12c9f4c4 12c9f4c4        0     1 .option_setting_ofs3.endof
12c9f4c4 12c9f4c4        0     1         __ddsc_OPTION_SETTING_OFS3_END = .
 2c9f0c4  2c9f0c4        0     1 .option_setting_ofs3_sec.startof
 2c9f0c4  2c9f0c4        0     1         __ddsc_OPTION_SETTING_OFS3_SEC_START = .
 2c9f0c4  2c9f0c4        4     4 __option_setting_ofs3_sec_reg$$
 2c9f0c4  2c9f0c4        0     1         __option_setting_ofs3_sec_reg$$Base = .
 2c9f0c4  2c9f0c4        4     4         ./ra/fsp/src/bsp/mcu/ra8p1/bsp_linker.o:(.option_setting_ofs3_sec)
 2c9f0c4  2c9f0c4        4     1                 g_bsp_cfg_option_setting_ofs3_sec
 2c9f0c8  2c9f0c8        0     1         __option_setting_ofs3_sec_reg$$Limit = .
 2c9f0c8  2c9f0c8        0     1 .option_setting_ofs3_sec.endof
 2c9f0c8  2c9f0c8        0     1         __ddsc_OPTION_SETTING_OFS3_SEC_END = .
 2c9f124  2c9f124        0     1 .option_setting_ofs3_sel.startof
 2c9f124  2c9f124        0     1         __ddsc_OPTION_SETTING_OFS3_SEL_START = .
 2c9f124  2c9f124        4     4 __option_setting_ofs3_sel_reg$$
 2c9f124  2c9f124        0     1         __option_setting_ofs3_sel_reg$$Base = .
 2c9f124  2c9f124        4     4         ./ra/fsp/src/bsp/mcu/ra8p1/bsp_linker.o:(.option_setting_ofs3_sel)
 2c9f124  2c9f124        4     1                 g_bsp_cfg_option_setting_ofs3_sel
 2c9f128  2c9f128        0     1         __option_setting_ofs3_sel_reg$$Limit = .
 2c9f128  2c9f128        0     1 .option_setting_ofs3_sel.endof
 2c9f128  2c9f128        0     1         __ddsc_OPTION_SETTING_OFS3_SEL_END = .
12c9f600 12c9f600        0     1 .option_setting_bps.startof
12c9f600 12c9f600        0     1         __ddsc_OPTION_SETTING_BPS_START = .
12c9f600 12c9f600        0     1 __option_setting_bps_reg$$
12c9f600 12c9f600        0     1         __option_setting_bps_reg$$Base = .
12c9f600 12c9f600        0     1         __option_setting_bps_reg$$Limit = .
12c9f600 12c9f600        0     1 .option_setting_bps.endof
12c9f600 12c9f600        0     1         __ddsc_OPTION_SETTING_BPS_END = .
 2c9f200  2c9f200        0     1 .option_setting_bps_sec.startof
 2c9f200  2c9f200        0     1         __ddsc_OPTION_SETTING_BPS_SEC_START = .
 2c9f200  2c9f200        0     1 __option_setting_bps_sec_reg$$
 2c9f200  2c9f200        0     1         __option_setting_bps_sec_reg$$Base = .
 2c9f200  2c9f200        0     1         __option_setting_bps_sec_reg$$Limit = .
 2c9f200  2c9f200        0     1 .option_setting_bps_sec.endof
 2c9f200  2c9f200        0     1         __ddsc_OPTION_SETTING_BPS_SEC_END = .
 2e07700  2e07700        0     1 .option_setting_otp_pbps_sec.startof
 2e07700  2e07700        0     1         __ddsc_OPTION_SETTING_OTP_PBPS_SEC_START = .
 2e07700  2e07700        0     1 __option_setting_otp_pbps_sec_reg$$
 2e07700  2e07700        0     1         __option_setting_otp_pbps_sec_reg$$Base = .
 2e07700  2e07700        0     1         __option_setting_otp_pbps_sec_reg$$Limit = .
 2e07700  2e07700        0     1 .option_setting_otp_pbps_sec.endof
 2e07700  2e07700        0     1         __ddsc_OPTION_SETTING_OTP_PBPS_SEC_END = .
12e07780 12e07780        0     1 .option_setting_otp_pbps.startof
12e07780 12e07780        0     1         __ddsc_OPTION_SETTING_OTP_PBPS_START = .
12e07780 12e07780        0     1 __option_setting_otp_pbps_reg$$
12e07780 12e07780        0     1         __option_setting_otp_pbps_reg$$Base = .
12e07780 12e07780        0     1         __option_setting_otp_pbps_reg$$Limit = .
12e07780 12e07780        0     1 .option_setting_otp_pbps.endof
12e07780 12e07780        0     1         __ddsc_OPTION_SETTING_OTP_PBPS_END = .
12e07780 12e07780        0     1 PROVIDE ( __tls_base = ADDR ( __ram_tdata$$ ) )
12e07780 12e07780        0     1 PROVIDE ( __tdata_source = LOADADDR ( __ram_tdata$$ ) )
12e07780 12e07780        0     1 PROVIDE ( __tdata_size = SIZEOF ( __ram_tdata$$ ) )
12e07780 12e07780        0     1 PROVIDE ( __tbss_offset = ADDR ( __ram_tbss$$ ) - ADDR ( __ram_tdata$$ ) )
12e07780 12e07780        0     1 PROVIDE ( __tbss_size = SIZEOF ( __ram_tbss$$ ) )
12e07780 12e07780        0     1 PROVIDE ( __arm32_tls_tcb_offset = 8 )
       0        0     3cd8     1 .debug_loclists
       0        0     1800     1         ./src/SEGGER_RTT/SEGGER_RTT.o:(.debug_loclists)
    1800     1800      7ec     1         ./src/SEGGER_RTT/SEGGER_RTT_printf.o:(.debug_loclists)
    1fec     1fec       20     1         ./src/hal_entry.o:(.debug_loclists)
    200c     200c      13a     1         ./src/pdm.o:(.debug_loclists)
    2146     2146      a15     1         ./ra/fsp/src/r_pdm/r_pdm.o:(.debug_loclists)
    2b5b     2b5b      4ae     1         ./ra/fsp/src/r_ioport/r_ioport.o:(.debug_loclists)
    3009     3009      499     1         ./ra/fsp/src/r_dmac/r_dmac.o:(.debug_loclists)
    34a2     34a2      411     1         ./ra/fsp/src/bsp/mcu/all/bsp_clocks.o:(.debug_loclists)
    38b3     38b3       1d     1         ./ra/fsp/src/bsp/mcu/all/bsp_common.o:(.debug_loclists)
    38d0     38d0      105     1         ./ra/fsp/src/bsp/mcu/all/bsp_delay.o:(.debug_loclists)
    39d5     39d5       35     1         ./ra/fsp/src/bsp/mcu/all/bsp_group_irq.o:(.debug_loclists)
    3a0a     3a0a       5c     1         ./ra/fsp/src/bsp/mcu/all/bsp_ipc.o:(.debug_loclists)
    3a66     3a66       55     1         ./ra/fsp/src/bsp/mcu/all/bsp_register_protection.o:(.debug_loclists)
    3abb     3abb       1e     1         ./ra/fsp/src/bsp/mcu/all/bsp_sbrk.o:(.debug_loclists)
    3ad9     3ad9       36     1         ./ra/fsp/src/bsp/mcu/all/bsp_sdram.o:(.debug_loclists)
    3b0f     3b0f       cc     1         ./ra/fsp/src/bsp/cmsis/Device/RENESAS/Source/system.o:(.debug_loclists)
    3bdb     3bdb       2a     1         /Applications/Renesas e2 studio with RA FSP v6.0.0/toolchains/LLVM-ET-Arm-18.1.3-Darwin-universal/bin/../lib/clang-runtimes/arm-none-eabi/armv8.1m.main_hard_fpdp_nomve_exn_rtti/lib/libc.a(libc_picolib_inittls.c.o):(.debug_loclists)
    3c05     3c05       1b     1         /Applications/Renesas e2 studio with RA FSP v6.0.0/toolchains/LLVM-ET-Arm-18.1.3-Darwin-universal/bin/../lib/clang-runtimes/arm-none-eabi/armv8.1m.main_hard_fpdp_nomve_exn_rtti/lib/libc.a(bzero.c.o):(.debug_loclists)
    3c20     3c20       7a     1         /Applications/Renesas e2 studio with RA FSP v6.0.0/toolchains/LLVM-ET-Arm-18.1.3-Darwin-universal/bin/../lib/clang-runtimes/arm-none-eabi/armv8.1m.main_hard_fpdp_nomve_exn_rtti/lib/libc.a(memcpy.c.o):(.debug_loclists)
    3c9a     3c9a       3e     1         /Applications/Renesas e2 studio with RA FSP v6.0.0/toolchains/LLVM-ET-Arm-18.1.3-Darwin-universal/bin/../lib/clang-runtimes/arm-none-eabi/armv8.1m.main_hard_fpdp_nomve_exn_rtti/lib/libc.a(memset.c.o):(.debug_loclists)
       0        0     2dd2     1 .debug_abbrev
       0        0      214     1         ./src/SEGGER_RTT/SEGGER_RTT.o:(.debug_abbrev)
     214      214      1e5     1         ./src/SEGGER_RTT/SEGGER_RTT_printf.o:(.debug_abbrev)
     3f9      3f9      119     1         ./src/hal_entry.o:(.debug_abbrev)
     512      512      18a     1         ./src/pdm.o:(.debug_abbrev)
     69c      69c      10d     1         ./ra_gen/common_data.o:(.debug_abbrev)
     7a9      7a9      217     1         ./ra_gen/hal_data.o:(.debug_abbrev)
     9c0      9c0       3c     1         ./ra_gen/main.o:(.debug_abbrev)
     9fc      9fc       e6     1         ./ra_gen/pin_data.o:(.debug_abbrev)
     ae2      ae2       a8     1         ./ra_gen/vector_data.o:(.debug_abbrev)
     b8a      b8a      40a     1         ./ra/fsp/src/r_pdm/r_pdm.o:(.debug_abbrev)
     f94      f94      32c     1         ./ra/fsp/src/r_ioport/r_ioport.o:(.debug_abbrev)
    12c0     12c0      44d     1         ./ra/fsp/src/r_dmac/r_dmac.o:(.debug_abbrev)
    170d     170d       a2     1         ./ra/fsp/src/bsp/mcu/ra8p1/bsp_linker.o:(.debug_abbrev)
    17af     17af      31e     1         ./ra/fsp/src/bsp/mcu/all/bsp_clocks.o:(.debug_abbrev)
    1acd     1acd      149     1         ./ra/fsp/src/bsp/mcu/all/bsp_common.o:(.debug_abbrev)
    1c16     1c16       ad     1         ./ra/fsp/src/bsp/mcu/all/bsp_delay.o:(.debug_abbrev)
    1cc3     1cc3      208     1         ./ra/fsp/src/bsp/mcu/all/bsp_group_irq.o:(.debug_abbrev)
    1ecb     1ecb       44     1         ./ra/fsp/src/bsp/mcu/all/bsp_io.o:(.debug_abbrev)
    1f0f     1f0f      1d3     1         ./ra/fsp/src/bsp/mcu/all/bsp_ipc.o:(.debug_abbrev)
    20e2     20e2      17a     1         ./ra/fsp/src/bsp/mcu/all/bsp_irq.o:(.debug_abbrev)
    225c     225c      216     1         ./ra/fsp/src/bsp/mcu/all/bsp_register_protection.o:(.debug_abbrev)
    2472     2472       67     1         ./ra/fsp/src/bsp/mcu/all/bsp_sbrk.o:(.debug_abbrev)
    24d9     24d9      1c4     1         ./ra/fsp/src/bsp/mcu/all/bsp_sdram.o:(.debug_abbrev)
    269d     269d       a7     1         ./ra/fsp/src/bsp/cmsis/Device/RENESAS/Source/startup.o:(.debug_abbrev)
    2744     2744      2bb     1         ./ra/fsp/src/bsp/cmsis/Device/RENESAS/Source/system.o:(.debug_abbrev)
    29ff     29ff       43     1         ./ra/board/ra8p1_ek/board_init.o:(.debug_abbrev)
    2a42     2a42       91     1         ./ra/board/ra8p1_ek/board_leds.o:(.debug_abbrev)
    2ad3     2ad3       2e     1         /Applications/Renesas e2 studio with RA FSP v6.0.0/toolchains/LLVM-ET-Arm-18.1.3-Darwin-universal/bin/../lib/clang-runtimes/arm-none-eabi/armv8.1m.main_hard_fpdp_nomve_exn_rtti/lib/libc.a(libc_errno_errno.c.o):(.debug_abbrev)
    2b01     2b01       74     1         /Applications/Renesas e2 studio with RA FSP v6.0.0/toolchains/LLVM-ET-Arm-18.1.3-Darwin-universal/bin/../lib/clang-runtimes/arm-none-eabi/armv8.1m.main_hard_fpdp_nomve_exn_rtti/lib/libc.a(libc_picolib_inittls.c.o):(.debug_abbrev)
    2b75     2b75       62     1         /Applications/Renesas e2 studio with RA FSP v6.0.0/toolchains/LLVM-ET-Arm-18.1.3-Darwin-universal/bin/../lib/clang-runtimes/arm-none-eabi/armv8.1m.main_hard_fpdp_nomve_exn_rtti/lib/libc.a(libc_picolib_machine_arm_tls.c.o):(.debug_abbrev)
    2bd7     2bd7       21     1         /Applications/Renesas e2 studio with RA FSP v6.0.0/toolchains/LLVM-ET-Arm-18.1.3-Darwin-universal/bin/../lib/clang-runtimes/arm-none-eabi/armv8.1m.main_hard_fpdp_nomve_exn_rtti/lib/libc.a(libc_picolib_machine_arm_read_tp.S.o):(.debug_abbrev)
    2bf8     2bf8       94     1         /Applications/Renesas e2 studio with RA FSP v6.0.0/toolchains/LLVM-ET-Arm-18.1.3-Darwin-universal/bin/../lib/clang-runtimes/arm-none-eabi/armv8.1m.main_hard_fpdp_nomve_exn_rtti/lib/libc.a(bzero.c.o):(.debug_abbrev)
    2c8c     2c8c       a0     1         /Applications/Renesas e2 studio with RA FSP v6.0.0/toolchains/LLVM-ET-Arm-18.1.3-Darwin-universal/bin/../lib/clang-runtimes/arm-none-eabi/armv8.1m.main_hard_fpdp_nomve_exn_rtti/lib/libc.a(memcpy.c.o):(.debug_abbrev)
    2d2c     2d2c       85     1         /Applications/Renesas e2 studio with RA FSP v6.0.0/toolchains/LLVM-ET-Arm-18.1.3-Darwin-universal/bin/../lib/clang-runtimes/arm-none-eabi/armv8.1m.main_hard_fpdp_nomve_exn_rtti/lib/libc.a(memset.c.o):(.debug_abbrev)
    2db1     2db1       21     1         /Applications/Renesas e2 studio with RA FSP v6.0.0/toolchains/LLVM-ET-Arm-18.1.3-Darwin-universal/bin/../lib/clang-runtimes/arm-none-eabi/armv8.1m.main_hard_fpdp_nomve_exn_rtti/lib/libc.a(strlen.S.o):(.debug_abbrev)
       0        0    35a33     1 .debug_info
       0        0     15b1     1         ./src/SEGGER_RTT/SEGGER_RTT.o:(.debug_info)
    15b1     15b1      454     1         ./src/SEGGER_RTT/SEGGER_RTT_printf.o:(.debug_info)
    1a05     1a05      a05     1         ./src/hal_entry.o:(.debug_info)
    240a     240a      9ff     1         ./src/pdm.o:(.debug_info)
    2e09     2e09      be2     1         ./ra_gen/common_data.o:(.debug_info)
    39eb     39eb     25f1     1         ./ra_gen/hal_data.o:(.debug_info)
    5fdc     5fdc       37     1         ./ra_gen/main.o:(.debug_info)
    6013     6013      49c     1         ./ra_gen/pin_data.o:(.debug_info)
    64af     64af      90c     1         ./ra_gen/vector_data.o:(.debug_info)
    6dbb     6dbb     3edb     1         ./ra/fsp/src/r_pdm/r_pdm.o:(.debug_info)
    ac96     ac96     8152     1         ./ra/fsp/src/r_ioport/r_ioport.o:(.debug_info)
   12de8    12de8     38ef     1         ./ra/fsp/src/r_dmac/r_dmac.o:(.debug_info)
   166d7    166d7      20b     1         ./ra/fsp/src/bsp/mcu/ra8p1/bsp_linker.o:(.debug_info)
   168e2    168e2     7eb0     1         ./ra/fsp/src/bsp/mcu/all/bsp_clocks.o:(.debug_info)
   1e792    1e792      58a     1         ./ra/fsp/src/bsp/mcu/all/bsp_common.o:(.debug_info)
   1ed1c    1ed1c      104     1         ./ra/fsp/src/bsp/mcu/all/bsp_delay.o:(.debug_info)
   1ee20    1ee20     11c7     1         ./ra/fsp/src/bsp/mcu/all/bsp_group_irq.o:(.debug_info)
   1ffe7    1ffe7       43     1         ./ra/fsp/src/bsp/mcu/all/bsp_io.o:(.debug_info)
   2002a    2002a     1611     1         ./ra/fsp/src/bsp/mcu/all/bsp_ipc.o:(.debug_info)
   2163b    2163b     15b8     1         ./ra/fsp/src/bsp/mcu/all/bsp_irq.o:(.debug_info)
   22bf3    22bf3     5294     1         ./ra/fsp/src/bsp/mcu/all/bsp_register_protection.o:(.debug_info)
   27e87    27e87       5f     1         ./ra/fsp/src/bsp/mcu/all/bsp_sbrk.o:(.debug_info)
   27ee6    27ee6     6a6d     1         ./ra/fsp/src/bsp/mcu/all/bsp_sdram.o:(.debug_info)
   2e953    2e953       b1     1         ./ra/fsp/src/bsp/cmsis/Device/RENESAS/Source/startup.o:(.debug_info)
   2ea04    2ea04     6a82     1         ./ra/fsp/src/bsp/cmsis/Device/RENESAS/Source/system.o:(.debug_info)
   35486    35486       3b     1         ./ra/board/ra8p1_ek/board_init.o:(.debug_info)
   354c1    354c1       88     1         ./ra/board/ra8p1_ek/board_leds.o:(.debug_info)
   35549    35549       2e     1         /Applications/Renesas e2 studio with RA FSP v6.0.0/toolchains/LLVM-ET-Arm-18.1.3-Darwin-universal/bin/../lib/clang-runtimes/arm-none-eabi/armv8.1m.main_hard_fpdp_nomve_exn_rtti/lib/libc.a(libc_errno_errno.c.o):(.debug_info)
   35577    35577       64     1         /Applications/Renesas e2 studio with RA FSP v6.0.0/toolchains/LLVM-ET-Arm-18.1.3-Darwin-universal/bin/../lib/clang-runtimes/arm-none-eabi/armv8.1m.main_hard_fpdp_nomve_exn_rtti/lib/libc.a(libc_picolib_inittls.c.o):(.debug_info)
   355db    355db       60     1         /Applications/Renesas e2 studio with RA FSP v6.0.0/toolchains/LLVM-ET-Arm-18.1.3-Darwin-universal/bin/../lib/clang-runtimes/arm-none-eabi/armv8.1m.main_hard_fpdp_nomve_exn_rtti/lib/libc.a(libc_picolib_machine_arm_tls.c.o):(.debug_info)
   3563b    3563b      13d     1         /Applications/Renesas e2 studio with RA FSP v6.0.0/toolchains/LLVM-ET-Arm-18.1.3-Darwin-universal/bin/../lib/clang-runtimes/arm-none-eabi/armv8.1m.main_hard_fpdp_nomve_exn_rtti/lib/libc.a(libc_picolib_machine_arm_read_tp.S.o):(.debug_info)
   35778    35778       76     1         /Applications/Renesas e2 studio with RA FSP v6.0.0/toolchains/LLVM-ET-Arm-18.1.3-Darwin-universal/bin/../lib/clang-runtimes/arm-none-eabi/armv8.1m.main_hard_fpdp_nomve_exn_rtti/lib/libc.a(bzero.c.o):(.debug_info)
   357ee    357ee       97     1         /Applications/Renesas e2 studio with RA FSP v6.0.0/toolchains/LLVM-ET-Arm-18.1.3-Darwin-universal/bin/../lib/clang-runtimes/arm-none-eabi/armv8.1m.main_hard_fpdp_nomve_exn_rtti/lib/libc.a(memcpy.c.o):(.debug_info)
   35885    35885       78     1         /Applications/Renesas e2 studio with RA FSP v6.0.0/toolchains/LLVM-ET-Arm-18.1.3-Darwin-universal/bin/../lib/clang-runtimes/arm-none-eabi/armv8.1m.main_hard_fpdp_nomve_exn_rtti/lib/libc.a(memset.c.o):(.debug_info)
   358fd    358fd      136     1         /Applications/Renesas e2 studio with RA FSP v6.0.0/toolchains/LLVM-ET-Arm-18.1.3-Darwin-universal/bin/../lib/clang-runtimes/arm-none-eabi/armv8.1m.main_hard_fpdp_nomve_exn_rtti/lib/libc.a(strlen.S.o):(.debug_info)
       0        0      789     1 .debug_rnglists
       0        0      1d5     1         ./src/SEGGER_RTT/SEGGER_RTT.o:(.debug_rnglists)
     1d5      1d5       c1     1         ./src/SEGGER_RTT/SEGGER_RTT_printf.o:(.debug_rnglists)
     296      296       17     1         ./src/hal_entry.o:(.debug_rnglists)
     2ad      2ad       19     1         ./src/pdm.o:(.debug_rnglists)
     2c6      2c6      122     1         ./ra/fsp/src/r_pdm/r_pdm.o:(.debug_rnglists)
     3e8      3e8       6d     1         ./ra/fsp/src/r_ioport/r_ioport.o:(.debug_rnglists)
     455      455      170     1         ./ra/fsp/src/r_dmac/r_dmac.o:(.debug_rnglists)
     5c5      5c5       c2     1         ./ra/fsp/src/bsp/mcu/all/bsp_clocks.o:(.debug_rnglists)
     687      687       1a     1         ./ra/fsp/src/bsp/mcu/all/bsp_common.o:(.debug_rnglists)
     6a1      6a1       17     1         ./ra/fsp/src/bsp/mcu/all/bsp_delay.o:(.debug_rnglists)
     6b8      6b8       17     1         ./ra/fsp/src/bsp/mcu/all/bsp_group_irq.o:(.debug_rnglists)
     6cf      6cf       20     1         ./ra/fsp/src/bsp/mcu/all/bsp_ipc.o:(.debug_rnglists)
     6ef      6ef       24     1         ./ra/fsp/src/bsp/mcu/all/bsp_register_protection.o:(.debug_rnglists)
     713      713       1b     1         ./ra/fsp/src/bsp/mcu/all/bsp_sdram.o:(.debug_rnglists)
     72e      72e       17     1         ./ra/fsp/src/bsp/cmsis/Device/RENESAS/Source/startup.o:(.debug_rnglists)
     745      745       44     1         ./ra/fsp/src/bsp/cmsis/Device/RENESAS/Source/system.o:(.debug_rnglists)
       0        0    10618     1 .debug_str_offsets
       0        0      188     1         ./src/SEGGER_RTT/SEGGER_RTT.o:(.debug_str_offsets)
     188      188       c4     1         ./src/SEGGER_RTT/SEGGER_RTT_printf.o:(.debug_str_offsets)
     24c      24c      81c     1         ./src/hal_entry.o:(.debug_str_offsets)
     a68      a68      584     1         ./src/pdm.o:(.debug_str_offsets)
     fec      fec      8b4     1         ./ra_gen/common_data.o:(.debug_str_offsets)
    18a0     18a0     131c     1         ./ra_gen/hal_data.o:(.debug_str_offsets)
    2bbc     2bbc       1c     1         ./ra_gen/main.o:(.debug_str_offsets)
    2bd8     2bd8      428     1         ./ra_gen/pin_data.o:(.debug_str_offsets)
    3000     3000      804     1         ./ra_gen/vector_data.o:(.debug_str_offsets)
    3804     3804     1334     1         ./ra/fsp/src/r_pdm/r_pdm.o:(.debug_str_offsets)
    4b38     4b38     2230     1         ./ra/fsp/src/r_ioport/r_ioport.o:(.debug_str_offsets)
    6d68     6d68     16dc     1         ./ra/fsp/src/r_dmac/r_dmac.o:(.debug_str_offsets)
    8444     8444       ac     1         ./ra/fsp/src/bsp/mcu/ra8p1/bsp_linker.o:(.debug_str_offsets)
    84f0     84f0     1a54     1         ./ra/fsp/src/bsp/mcu/all/bsp_clocks.o:(.debug_str_offsets)
    9f44     9f44      45c     1         ./ra/fsp/src/bsp/mcu/all/bsp_common.o:(.debug_str_offsets)
    a3a0     a3a0       74     1         ./ra/fsp/src/bsp/mcu/all/bsp_delay.o:(.debug_str_offsets)
    a414     a414      7d4     1         ./ra/fsp/src/bsp/mcu/all/bsp_group_irq.o:(.debug_str_offsets)
    abe8     abe8       24     1         ./ra/fsp/src/bsp/mcu/all/bsp_io.o:(.debug_str_offsets)
    ac0c     ac0c      89c     1         ./ra/fsp/src/bsp/mcu/all/bsp_ipc.o:(.debug_str_offsets)
    b4a8     b4a8      b8c     1         ./ra/fsp/src/bsp/mcu/all/bsp_irq.o:(.debug_str_offsets)
    c034     c034     1318     1         ./ra/fsp/src/bsp/mcu/all/bsp_register_protection.o:(.debug_str_offsets)
    d34c     d34c       2c     1         ./ra/fsp/src/bsp/mcu/all/bsp_sbrk.o:(.debug_str_offsets)
    d378     d378     16ec     1         ./ra/fsp/src/bsp/mcu/all/bsp_sdram.o:(.debug_str_offsets)
    ea64     ea64       3c     1         ./ra/fsp/src/bsp/cmsis/Device/RENESAS/Source/startup.o:(.debug_str_offsets)
    eaa0     eaa0     1a00     1         ./ra/fsp/src/bsp/cmsis/Device/RENESAS/Source/system.o:(.debug_str_offsets)
   104a0    104a0       1c     1         ./ra/board/ra8p1_ek/board_init.o:(.debug_str_offsets)
   104bc    104bc       3c     1         ./ra/board/ra8p1_ek/board_leds.o:(.debug_str_offsets)
   104f8    104f8       1c     1         /Applications/Renesas e2 studio with RA FSP v6.0.0/toolchains/LLVM-ET-Arm-18.1.3-Darwin-universal/bin/../lib/clang-runtimes/arm-none-eabi/armv8.1m.main_hard_fpdp_nomve_exn_rtti/lib/libc.a(libc_errno_errno.c.o):(.debug_str_offsets)
   10514    10514       30     1         /Applications/Renesas e2 studio with RA FSP v6.0.0/toolchains/LLVM-ET-Arm-18.1.3-Darwin-universal/bin/../lib/clang-runtimes/arm-none-eabi/armv8.1m.main_hard_fpdp_nomve_exn_rtti/lib/libc.a(libc_picolib_inittls.c.o):(.debug_str_offsets)
   10544    10544       30     1         /Applications/Renesas e2 studio with RA FSP v6.0.0/toolchains/LLVM-ET-Arm-18.1.3-Darwin-universal/bin/../lib/clang-runtimes/arm-none-eabi/armv8.1m.main_hard_fpdp_nomve_exn_rtti/lib/libc.a(libc_picolib_machine_arm_tls.c.o):(.debug_str_offsets)
   10574    10574       30     1         /Applications/Renesas e2 studio with RA FSP v6.0.0/toolchains/LLVM-ET-Arm-18.1.3-Darwin-universal/bin/../lib/clang-runtimes/arm-none-eabi/armv8.1m.main_hard_fpdp_nomve_exn_rtti/lib/libc.a(bzero.c.o):(.debug_str_offsets)
   105a4    105a4       3c     1         /Applications/Renesas e2 studio with RA FSP v6.0.0/toolchains/LLVM-ET-Arm-18.1.3-Darwin-universal/bin/../lib/clang-runtimes/arm-none-eabi/armv8.1m.main_hard_fpdp_nomve_exn_rtti/lib/libc.a(memcpy.c.o):(.debug_str_offsets)
   105e0    105e0       38     1         /Applications/Renesas e2 studio with RA FSP v6.0.0/toolchains/LLVM-ET-Arm-18.1.3-Darwin-universal/bin/../lib/clang-runtimes/arm-none-eabi/armv8.1m.main_hard_fpdp_nomve_exn_rtti/lib/libc.a(memset.c.o):(.debug_str_offsets)
       0        0    102d0     1 .debug_str
       0        0    102d0     1         <internal>:(.debug_str)
       0        0      7b4     1 .debug_addr
       0        0      1b8     1         ./src/SEGGER_RTT/SEGGER_RTT.o:(.debug_addr)
     1b8      1b8       40     1         ./src/SEGGER_RTT/SEGGER_RTT_printf.o:(.debug_addr)
     1f8      1f8       14     1         ./src/hal_entry.o:(.debug_addr)
     20c      20c       e8     1         ./src/pdm.o:(.debug_addr)
     2f4      2f4       14     1         ./ra_gen/common_data.o:(.debug_addr)
     308      308       30     1         ./ra_gen/hal_data.o:(.debug_addr)
     338      338        c     1         ./ra_gen/main.o:(.debug_addr)
     344      344       10     1         ./ra_gen/pin_data.o:(.debug_addr)
     354      354       10     1         ./ra_gen/vector_data.o:(.debug_addr)
     364      364       d0     1         ./ra/fsp/src/r_pdm/r_pdm.o:(.debug_addr)
     434      434       8c     1         ./ra/fsp/src/r_ioport/r_ioport.o:(.debug_addr)
     4c0      4c0       5c     1         ./ra/fsp/src/r_dmac/r_dmac.o:(.debug_addr)
     51c      51c       30     1         ./ra/fsp/src/bsp/mcu/ra8p1/bsp_linker.o:(.debug_addr)
     54c      54c       c4     1         ./ra/fsp/src/bsp/mcu/all/bsp_clocks.o:(.debug_addr)
     610      610       20     1         ./ra/fsp/src/bsp/mcu/all/bsp_common.o:(.debug_addr)
     630      630       20     1         ./ra/fsp/src/bsp/mcu/all/bsp_delay.o:(.debug_addr)
     650      650       1c     1         ./ra/fsp/src/bsp/mcu/all/bsp_group_irq.o:(.debug_addr)
     66c      66c        c     1         ./ra/fsp/src/bsp/mcu/all/bsp_io.o:(.debug_addr)
     678      678       24     1         ./ra/fsp/src/bsp/mcu/all/bsp_ipc.o:(.debug_addr)
     69c      69c       18     1         ./ra/fsp/src/bsp/mcu/all/bsp_irq.o:(.debug_addr)
     6b4      6b4       2c     1         ./ra/fsp/src/bsp/mcu/all/bsp_register_protection.o:(.debug_addr)
     6e0      6e0        c     1         ./ra/fsp/src/bsp/mcu/all/bsp_sbrk.o:(.debug_addr)
     6ec      6ec       14     1         ./ra/fsp/src/bsp/mcu/all/bsp_sdram.o:(.debug_addr)
     700      700       1c     1         ./ra/fsp/src/bsp/cmsis/Device/RENESAS/Source/startup.o:(.debug_addr)
     71c      71c       3c     1         ./ra/fsp/src/bsp/cmsis/Device/RENESAS/Source/system.o:(.debug_addr)
     758      758        c     1         ./ra/board/ra8p1_ek/board_init.o:(.debug_addr)
     764      764       10     1         ./ra/board/ra8p1_ek/board_leds.o:(.debug_addr)
     774      774        c     1         /Applications/Renesas e2 studio with RA FSP v6.0.0/toolchains/LLVM-ET-Arm-18.1.3-Darwin-universal/bin/../lib/clang-runtimes/arm-none-eabi/armv8.1m.main_hard_fpdp_nomve_exn_rtti/lib/libc.a(libc_picolib_inittls.c.o):(.debug_addr)
     780      780        c     1         /Applications/Renesas e2 studio with RA FSP v6.0.0/toolchains/LLVM-ET-Arm-18.1.3-Darwin-universal/bin/../lib/clang-runtimes/arm-none-eabi/armv8.1m.main_hard_fpdp_nomve_exn_rtti/lib/libc.a(libc_picolib_machine_arm_tls.c.o):(.debug_addr)
     78c      78c       10     1         /Applications/Renesas e2 studio with RA FSP v6.0.0/toolchains/LLVM-ET-Arm-18.1.3-Darwin-universal/bin/../lib/clang-runtimes/arm-none-eabi/armv8.1m.main_hard_fpdp_nomve_exn_rtti/lib/libc.a(bzero.c.o):(.debug_addr)
     79c      79c        c     1         /Applications/Renesas e2 studio with RA FSP v6.0.0/toolchains/LLVM-ET-Arm-18.1.3-Darwin-universal/bin/../lib/clang-runtimes/arm-none-eabi/armv8.1m.main_hard_fpdp_nomve_exn_rtti/lib/libc.a(memcpy.c.o):(.debug_addr)
     7a8      7a8        c     1         /Applications/Renesas e2 studio with RA FSP v6.0.0/toolchains/LLVM-ET-Arm-18.1.3-Darwin-universal/bin/../lib/clang-runtimes/arm-none-eabi/armv8.1m.main_hard_fpdp_nomve_exn_rtti/lib/libc.a(memset.c.o):(.debug_addr)
       0        0       29     1 .comment
       0        0       29     1         <internal>:(.comment)
       0        0       50     1 .ARM.attributes
       0        0       50     1         ./src/SEGGER_RTT/SEGGER_RTT.o:(.ARM.attributes)
       0        0     1018     4 .debug_frame
       0        0      448     4         ./src/SEGGER_RTT/SEGGER_RTT.o:(.debug_frame)
     448      448       8c     4         ./src/SEGGER_RTT/SEGGER_RTT_printf.o:(.debug_frame)
     4d4      4d4       34     4         ./src/hal_entry.o:(.debug_frame)
     508      508       64     4         ./src/pdm.o:(.debug_frame)
     56c      56c       24     4         ./ra_gen/common_data.o:(.debug_frame)
     590      590       24     4         ./ra_gen/hal_data.o:(.debug_frame)
     5b4      5b4       30     4         ./ra_gen/main.o:(.debug_frame)
     5e4      5e4      1e8     4         ./ra/fsp/src/r_pdm/r_pdm.o:(.debug_frame)
     7cc      7cc      18c     4         ./ra/fsp/src/r_ioport/r_ioport.o:(.debug_frame)
     958      958      154     4         ./ra/fsp/src/r_dmac/r_dmac.o:(.debug_frame)
     aac      aac      188     4         ./ra/fsp/src/bsp/mcu/all/bsp_clocks.o:(.debug_frame)
     c34      c34       44     4         ./ra/fsp/src/bsp/mcu/all/bsp_common.o:(.debug_frame)
     c78      c78       34     4         ./ra/fsp/src/bsp/mcu/all/bsp_delay.o:(.debug_frame)
     cac      cac       48     4         ./ra/fsp/src/bsp/mcu/all/bsp_group_irq.o:(.debug_frame)
     cf4      cf4       70     4         ./ra/fsp/src/bsp/mcu/all/bsp_ipc.o:(.debug_frame)
     d64      d64       30     4         ./ra/fsp/src/bsp/mcu/all/bsp_irq.o:(.debug_frame)
     d94      d94       44     4         ./ra/fsp/src/bsp/mcu/all/bsp_register_protection.o:(.debug_frame)
     dd8      dd8       30     4         ./ra/fsp/src/bsp/mcu/all/bsp_sbrk.o:(.debug_frame)
     e08      e08       68     4         ./ra/fsp/src/bsp/mcu/all/bsp_sdram.o:(.debug_frame)
     e70      e70       40     4         ./ra/fsp/src/bsp/cmsis/Device/RENESAS/Source/startup.o:(.debug_frame)
     eb0      eb0       4c     4         ./ra/fsp/src/bsp/cmsis/Device/RENESAS/Source/system.o:(.debug_frame)
     efc      efc       24     4         ./ra/board/ra8p1_ek/board_init.o:(.debug_frame)
     f20      f20       34     4         /Applications/Renesas e2 studio with RA FSP v6.0.0/toolchains/LLVM-ET-Arm-18.1.3-Darwin-universal/bin/../lib/clang-runtimes/arm-none-eabi/armv8.1m.main_hard_fpdp_nomve_exn_rtti/lib/libc.a(libc_picolib_inittls.c.o):(.debug_frame)
     f54      f54       24     4         /Applications/Renesas e2 studio with RA FSP v6.0.0/toolchains/LLVM-ET-Arm-18.1.3-Darwin-universal/bin/../lib/clang-runtimes/arm-none-eabi/armv8.1m.main_hard_fpdp_nomve_exn_rtti/lib/libc.a(libc_picolib_machine_arm_tls.c.o):(.debug_frame)
     f78      f78       24     4         /Applications/Renesas e2 studio with RA FSP v6.0.0/toolchains/LLVM-ET-Arm-18.1.3-Darwin-universal/bin/../lib/clang-runtimes/arm-none-eabi/armv8.1m.main_hard_fpdp_nomve_exn_rtti/lib/libc.a(libc_picolib_machine_arm_read_tp.S.o):(.debug_frame)
     f9c      f9c       24     4         /Applications/Renesas e2 studio with RA FSP v6.0.0/toolchains/LLVM-ET-Arm-18.1.3-Darwin-universal/bin/../lib/clang-runtimes/arm-none-eabi/armv8.1m.main_hard_fpdp_nomve_exn_rtti/lib/libc.a(bzero.c.o):(.debug_frame)
     fc0      fc0       34     4         /Applications/Renesas e2 studio with RA FSP v6.0.0/toolchains/LLVM-ET-Arm-18.1.3-Darwin-universal/bin/../lib/clang-runtimes/arm-none-eabi/armv8.1m.main_hard_fpdp_nomve_exn_rtti/lib/libc.a(memcpy.c.o):(.debug_frame)
     ff4      ff4       24     4         /Applications/Renesas e2 studio with RA FSP v6.0.0/toolchains/LLVM-ET-Arm-18.1.3-Darwin-universal/bin/../lib/clang-runtimes/arm-none-eabi/armv8.1m.main_hard_fpdp_nomve_exn_rtti/lib/libc.a(memset.c.o):(.debug_frame)
       0        0     5973     1 .debug_line
       0        0     16e5     1         ./src/SEGGER_RTT/SEGGER_RTT.o:(.debug_line)
    16e5     16e5      64c     1         ./src/SEGGER_RTT/SEGGER_RTT_printf.o:(.debug_line)
    1d31     1d31      12d     1         ./src/hal_entry.o:(.debug_line)
    1e5e     1e5e      38b     1         ./src/pdm.o:(.debug_line)
    21e9     21e9       df     1         ./ra_gen/common_data.o:(.debug_line)
    22c8     22c8      168     1         ./ra_gen/hal_data.o:(.debug_line)
    2430     2430       5a     1         ./ra_gen/main.o:(.debug_line)
    248a     248a       a3     1         ./ra_gen/pin_data.o:(.debug_line)
    252d     252d       86     1         ./ra_gen/vector_data.o:(.debug_line)
    25b3     25b3      b22     1         ./ra/fsp/src/r_pdm/r_pdm.o:(.debug_line)
    30d5     30d5      581     1         ./ra/fsp/src/r_ioport/r_ioport.o:(.debug_line)
    3656     3656      617     1         ./ra/fsp/src/r_dmac/r_dmac.o:(.debug_line)
    3c6d     3c6d       8e     1         ./ra/fsp/src/bsp/mcu/ra8p1/bsp_linker.o:(.debug_line)
    3cfb     3cfb      a46     1         ./ra/fsp/src/bsp/mcu/all/bsp_clocks.o:(.debug_line)
    4741     4741       ec     1         ./ra/fsp/src/bsp/mcu/all/bsp_common.o:(.debug_line)
    482d     482d      12f     1         ./ra/fsp/src/bsp/mcu/all/bsp_delay.o:(.debug_line)
    495c     495c      138     1         ./ra/fsp/src/bsp/mcu/all/bsp_group_irq.o:(.debug_line)
    4a94     4a94       75     1         ./ra/fsp/src/bsp/mcu/all/bsp_io.o:(.debug_line)
    4b09     4b09      197     1         ./ra/fsp/src/bsp/mcu/all/bsp_ipc.o:(.debug_line)
    4ca0     4ca0       e5     1         ./ra/fsp/src/bsp/mcu/all/bsp_irq.o:(.debug_line)
    4d85     4d85      11f     1         ./ra/fsp/src/bsp/mcu/all/bsp_register_protection.o:(.debug_line)
    4ea4     4ea4       9a     1         ./ra/fsp/src/bsp/mcu/all/bsp_sbrk.o:(.debug_line)
    4f3e     4f3e      1d2     1         ./ra/fsp/src/bsp/mcu/all/bsp_sdram.o:(.debug_line)
    5110     5110       a4     1         ./ra/fsp/src/bsp/cmsis/Device/RENESAS/Source/startup.o:(.debug_line)
    51b4     51b4      2de     1         ./ra/fsp/src/bsp/cmsis/Device/RENESAS/Source/system.o:(.debug_line)
    5492     5492       57     1         ./ra/board/ra8p1_ek/board_init.o:(.debug_line)
    54e9     54e9       8e     1         ./ra/board/ra8p1_ek/board_leds.o:(.debug_line)
    5577     5577       43     1         /Applications/Renesas e2 studio with RA FSP v6.0.0/toolchains/LLVM-ET-Arm-18.1.3-Darwin-universal/bin/../lib/clang-runtimes/arm-none-eabi/armv8.1m.main_hard_fpdp_nomve_exn_rtti/lib/libc.a(libc_errno_errno.c.o):(.debug_line)
    55ba     55ba       a2     1         /Applications/Renesas e2 studio with RA FSP v6.0.0/toolchains/LLVM-ET-Arm-18.1.3-Darwin-universal/bin/../lib/clang-runtimes/arm-none-eabi/armv8.1m.main_hard_fpdp_nomve_exn_rtti/lib/libc.a(libc_picolib_inittls.c.o):(.debug_line)
    565c     565c       ad     1         /Applications/Renesas e2 studio with RA FSP v6.0.0/toolchains/LLVM-ET-Arm-18.1.3-Darwin-universal/bin/../lib/clang-runtimes/arm-none-eabi/armv8.1m.main_hard_fpdp_nomve_exn_rtti/lib/libc.a(libc_picolib_machine_arm_tls.c.o):(.debug_line)
    5709     5709       45     1         /Applications/Renesas e2 studio with RA FSP v6.0.0/toolchains/LLVM-ET-Arm-18.1.3-Darwin-universal/bin/../lib/clang-runtimes/arm-none-eabi/armv8.1m.main_hard_fpdp_nomve_exn_rtti/lib/libc.a(libc_picolib_machine_arm_read_tp.S.o):(.debug_line)
    574e     574e       a1     1         /Applications/Renesas e2 studio with RA FSP v6.0.0/toolchains/LLVM-ET-Arm-18.1.3-Darwin-universal/bin/../lib/clang-runtimes/arm-none-eabi/armv8.1m.main_hard_fpdp_nomve_exn_rtti/lib/libc.a(bzero.c.o):(.debug_line)
    57ef     57ef       9f     1         /Applications/Renesas e2 studio with RA FSP v6.0.0/toolchains/LLVM-ET-Arm-18.1.3-Darwin-universal/bin/../lib/clang-runtimes/arm-none-eabi/armv8.1m.main_hard_fpdp_nomve_exn_rtti/lib/libc.a(memcpy.c.o):(.debug_line)
    588e     588e       96     1         /Applications/Renesas e2 studio with RA FSP v6.0.0/toolchains/LLVM-ET-Arm-18.1.3-Darwin-universal/bin/../lib/clang-runtimes/arm-none-eabi/armv8.1m.main_hard_fpdp_nomve_exn_rtti/lib/libc.a(memset.c.o):(.debug_line)
    5924     5924       4f     1         /Applications/Renesas e2 studio with RA FSP v6.0.0/toolchains/LLVM-ET-Arm-18.1.3-Darwin-universal/bin/../lib/clang-runtimes/arm-none-eabi/armv8.1m.main_hard_fpdp_nomve_exn_rtti/lib/libc.a(strlen.S.o):(.debug_line)
       0        0      ff1     1 .debug_line_str
       0        0      ff1     1         <internal>:(.debug_line_str)
       0        0       40     1 .debug_aranges
       0        0       20     1         /Applications/Renesas e2 studio with RA FSP v6.0.0/toolchains/LLVM-ET-Arm-18.1.3-Darwin-universal/bin/../lib/clang-runtimes/arm-none-eabi/armv8.1m.main_hard_fpdp_nomve_exn_rtti/lib/libc.a(libc_picolib_machine_arm_read_tp.S.o):(.debug_aranges)
      20       20       20     1         /Applications/Renesas e2 studio with RA FSP v6.0.0/toolchains/LLVM-ET-Arm-18.1.3-Darwin-universal/bin/../lib/clang-runtimes/arm-none-eabi/armv8.1m.main_hard_fpdp_nomve_exn_rtti/lib/libc.a(strlen.S.o):(.debug_aranges)
       0        0     1dc0     4 .symtab
       0        0     1dc0     4         <internal>:(.symtab)
       0        0      c0c     1 .shstrtab
       0        0      c0c     1         <internal>:(.shstrtab)
       0        0     266e     1 .strtab
       0        0     266e     1         <internal>:(.strtab)

Cross Reference Table

Symbol                                            File
_SEGGER_RTT                                       ./src/SEGGER_RTT/SEGGER_RTT.o
__aeabi_memclr4                                   /Applications/Renesas e2 studio with RA FSP v6.0.0/toolchains/LLVM-ET-Arm-18.1.3-Darwin-universal/bin/../lib/clang-runtimes/arm-none-eabi/armv8.1m.main_hard_fpdp_nomve_exn_rtti/lib/libc.a(bzero.c.o)
                                                  ./src/SEGGER_RTT/SEGGER_RTT.o
                                                  ./ra/fsp/src/bsp/cmsis/Device/RENESAS/Source/system.o
__aeabi_memcpy                                    /Applications/Renesas e2 studio with RA FSP v6.0.0/toolchains/LLVM-ET-Arm-18.1.3-Darwin-universal/bin/../lib/clang-runtimes/arm-none-eabi/armv8.1m.main_hard_fpdp_nomve_exn_rtti/lib/libc.a(memcpy.c.o)
                                                  ./src/SEGGER_RTT/SEGGER_RTT.o
                                                  /Applications/Renesas e2 studio with RA FSP v6.0.0/toolchains/LLVM-ET-Arm-18.1.3-Darwin-universal/bin/../lib/clang-runtimes/arm-none-eabi/armv8.1m.main_hard_fpdp_nomve_exn_rtti/lib/libc.a(libc_picolib_inittls.c.o)
SEGGER_RTT_WriteNoLock                            ./src/SEGGER_RTT/SEGGER_RTT.o
SEGGER_RTT_Write                                  ./src/SEGGER_RTT/SEGGER_RTT.o
                                                  ./src/SEGGER_RTT/SEGGER_RTT_printf.o
SEGGER_RTT_Init                                   ./src/SEGGER_RTT/SEGGER_RTT.o
                                                  ./src/pdm.o
SEGGER_RTT_vprintf                                ./src/SEGGER_RTT/SEGGER_RTT_printf.o
SEGGER_RTT_printf                                 ./src/SEGGER_RTT/SEGGER_RTT_printf.o
[...]
__sdram_from_data_flash$$Load                     fsp_gen.lld:279
                                                  ./ra/fsp/src/bsp/mcu/ra8p1/bsp_linker.o
__sdram_from_flash$$Base                          fsp_gen.lld:394
                                                  ./ra/fsp/src/bsp/mcu/ra8p1/bsp_linker.o
__sdram_from_flash$$Limit                         fsp_gen.lld:399
                                                  ./ra/fsp/src/bsp/mcu/ra8p1/bsp_linker.o
__sdram_from_flash$$Load                          fsp_gen.lld:394
                                                  ./ra/fsp/src/bsp/mcu/ra8p1/bsp_linker.o
__ospi0_cs0_from_ospi0_cs1$$Base                  fsp_gen.lld:65
                                                  ./ra/fsp/src/bsp/mcu/ra8p1/bsp_linker.o
__ospi0_cs0_from_ospi0_cs1$$Limit                 fsp_gen.lld:70
                                                  ./ra/fsp/src/bsp/mcu/ra8p1/bsp_linker.o
__ospi0_cs0_from_ospi0_cs1$$Load                  fsp_gen.lld:65
                                                  ./ra/fsp/src/bsp/mcu/ra8p1/bsp_linker.o
__ospi0_cs0_from_ospi1_cs1$$Base                  fsp_gen.lld:191
                                                  ./ra/fsp/src/bsp/mcu/ra8p1/bsp_linker.o
__ospi0_cs0_from_ospi1_cs1$$Limit                 fsp_gen.lld:196
                                                  ./ra/fsp/src/bsp/mcu/ra8p1/bsp_linker.o
__ospi0_cs0_from_ospi1_cs1$$Load                  fsp_gen.lld:191
                                                  ./ra/fsp/src/bsp/mcu/ra8p1/bsp_linker.o
__ospi0_cs0_from_data_flash$$Base                 fsp_gen.lld:291
                                                  ./ra/fsp/src/bsp/mcu/ra8p1/bsp_linker.o
__ospi0_cs0_from_data_flash$$Limit                fsp_gen.lld:296
                                                  ./ra/fsp/src/bsp/mcu/ra8p1/bsp_linker.o
__ospi0_cs0_from_data_flash$$Load                 fsp_gen.lld:291
                                                  ./ra/fsp/src/bsp/mcu/ra8p1/bsp_linker.o
__ospi0_cs0_from_flash$$Base                      fsp_gen.lld:444
                                                  ./ra/fsp/src/bsp/mcu/ra8p1/bsp_linker.o
__ospi0_cs0_from_flash$$Limit                     fsp_gen.lld:449
                                                  ./ra/fsp/src/bsp/mcu/ra8p1/bsp_linker.o
__ospi0_cs0_from_flash$$Load                      fsp_gen.lld:444
                                                  ./ra/fsp/src/bsp/mcu/ra8p1/bsp_linker.o
__ospi1_cs0_from_ospi0_cs1$$Base                  fsp_gen.lld:82
                                                  ./ra/fsp/src/bsp/mcu/ra8p1/bsp_linker.o
__ospi1_cs0_from_ospi0_cs1$$Limit                 fsp_gen.lld:87
                                                  ./ra/fsp/src/bsp/mcu/ra8p1/bsp_linker.o
__ospi1_cs0_from_ospi0_cs1$$Load                  fsp_gen.lld:82
                                                  ./ra/fsp/src/bsp/mcu/ra8p1/bsp_linker.o
__ospi1_cs0_from_ospi1_cs1$$Base                  fsp_gen.lld:203
                                                  ./ra/fsp/src/bsp/mcu/ra8p1/bsp_linker.o
__ospi1_cs0_from_ospi1_cs1$$Limit                 fsp_gen.lld:208
                                                  ./ra/fsp/src/bsp/mcu/ra8p1/bsp_linker.o
__ospi1_cs0_from_ospi1_cs1$$Load                  fsp_gen.lld:203
                                                  ./ra/fsp/src/bsp/mcu/ra8p1/bsp_linker.o
__ospi1_cs0_from_data_flash$$Base                 fsp_gen.lld:303
                                                  ./ra/fsp/src/bsp/mcu/ra8p1/bsp_linker.o
__ospi1_cs0_from_data_flash$$Limit                fsp_gen.lld:308
                                                  ./ra/fsp/src/bsp/mcu/ra8p1/bsp_linker.o
__ospi1_cs0_from_data_flash$$Load                 fsp_gen.lld:303
                                                  ./ra/fsp/src/bsp/mcu/ra8p1/bsp_linker.o
__ospi1_cs0_from_flash$$Base                      fsp_gen.lld:494
                                                  ./ra/fsp/src/bsp/mcu/ra8p1/bsp_linker.o
__ospi1_cs0_from_flash$$Limit                     fsp_gen.lld:499
                                                  ./ra/fsp/src/bsp/mcu/ra8p1/bsp_linker.o
__ospi1_cs0_from_flash$$Load                      fsp_gen.lld:494
                                                  ./ra/fsp/src/bsp/mcu/ra8p1/bsp_linker.o
__itcm_from_ospi0_cs1$$Base                       fsp_gen.lld:99
                                                  ./ra/fsp/src/bsp/mcu/ra8p1/bsp_linker.o
__itcm_from_ospi0_cs1$$Limit                      fsp_gen.lld:104
                                                  ./ra/fsp/src/bsp/mcu/ra8p1/bsp_linker.o
__itcm_from_ospi0_cs1$$Load                       fsp_gen.lld:99
                                                  ./ra/fsp/src/bsp/mcu/ra8p1/bsp_linker.o
__itcm_from_ospi1_cs1$$Base                       fsp_gen.lld:215
                                                  ./ra/fsp/src/bsp/mcu/ra8p1/bsp_linker.o
__itcm_from_ospi1_cs1$$Limit                      fsp_gen.lld:220
                                                  ./ra/fsp/src/bsp/mcu/ra8p1/bsp_linker.o
__itcm_from_ospi1_cs1$$Load                       fsp_gen.lld:215
                                                  ./ra/fsp/src/bsp/mcu/ra8p1/bsp_linker.o
__itcm_from_data_flash$$Base                      fsp_gen.lld:315
                                                  ./ra/fsp/src/bsp/mcu/ra8p1/bsp_linker.o
__itcm_from_data_flash$$Limit                     fsp_gen.lld:320
                                                  ./ra/fsp/src/bsp/mcu/ra8p1/bsp_linker.o
__itcm_from_data_flash$$Load                      fsp_gen.lld:315
                                                  ./ra/fsp/src/bsp/mcu/ra8p1/bsp_linker.o
__itcm_from_flash$$Base                           fsp_gen.lld:544
                                                  ./ra/fsp/src/bsp/mcu/ra8p1/bsp_linker.o
__itcm_from_flash$$Limit                          fsp_gen.lld:549
                                                  ./ra/fsp/src/bsp/mcu/ra8p1/bsp_linker.o
__itcm_from_flash$$Load                           fsp_gen.lld:544
                                                  ./ra/fsp/src/bsp/mcu/ra8p1/bsp_linker.o
__dtcm_from_ospi0_cs1$$Base                       fsp_gen.lld:116
                                                  ./ra/fsp/src/bsp/mcu/ra8p1/bsp_linker.o
__dtcm_from_ospi0_cs1$$Limit                      fsp_gen.lld:121
                                                  ./ra/fsp/src/bsp/mcu/ra8p1/bsp_linker.o
__dtcm_from_ospi0_cs1$$Load                       fsp_gen.lld:116
                                                  ./ra/fsp/src/bsp/mcu/ra8p1/bsp_linker.o
__dtcm_from_ospi1_cs1$$Base                       fsp_gen.lld:227
                                                  ./ra/fsp/src/bsp/mcu/ra8p1/bsp_linker.o
__dtcm_from_ospi1_cs1$$Limit                      fsp_gen.lld:232
                                                  ./ra/fsp/src/bsp/mcu/ra8p1/bsp_linker.o
__dtcm_from_ospi1_cs1$$Load                       fsp_gen.lld:227
                                                  ./ra/fsp/src/bsp/mcu/ra8p1/bsp_linker.o
__dtcm_from_data_flash$$Base                      fsp_gen.lld:327
                                                  ./ra/fsp/src/bsp/mcu/ra8p1/bsp_linker.o
__dtcm_from_data_flash$$Limit                     fsp_gen.lld:332
                                                  ./ra/fsp/src/bsp/mcu/ra8p1/bsp_linker.o
__dtcm_from_data_flash$$Load                      fsp_gen.lld:327
                                                  ./ra/fsp/src/bsp/mcu/ra8p1/bsp_linker.o
__dtcm_from_flash$$Base                           fsp_gen.lld:577
                                                  ./ra/fsp/src/bsp/mcu/ra8p1/bsp_linker.o
__dtcm_from_flash$$Limit                          fsp_gen.lld:582
                                                  ./ra/fsp/src/bsp/mcu/ra8p1/bsp_linker.o
__dtcm_from_flash$$Load                           fsp_gen.lld:577
                                                  ./ra/fsp/src/bsp/mcu/ra8p1/bsp_linker.o
__ram_from_ospi0_cs1$$Base                        fsp_gen.lld:139
                                                  ./ra/fsp/src/bsp/mcu/ra8p1/bsp_linker.o
__ram_from_ospi0_cs1$$Limit                       fsp_gen.lld:144
                                                  ./ra/fsp/src/bsp/mcu/ra8p1/bsp_linker.o
__ram_from_ospi0_cs1$$Load                        fsp_gen.lld:139
                                                  ./ra/fsp/src/bsp/mcu/ra8p1/bsp_linker.o
__ram_from_ospi1_cs1$$Base                        fsp_gen.lld:239
                                                  ./ra/fsp/src/bsp/mcu/ra8p1/bsp_linker.o
__ram_from_ospi1_cs1$$Limit                       fsp_gen.lld:244
                                                  ./ra/fsp/src/bsp/mcu/ra8p1/bsp_linker.o
__ram_from_ospi1_cs1$$Load                        fsp_gen.lld:239
                                                  ./ra/fsp/src/bsp/mcu/ra8p1/bsp_linker.o
__ram_from_data_flash$$Base                       fsp_gen.lld:339
                                                  ./ra/fsp/src/bsp/mcu/ra8p1/bsp_linker.o
__ram_from_data_flash$$Limit                      fsp_gen.lld:344
                                                  ./ra/fsp/src/bsp/mcu/ra8p1/bsp_linker.o
__ram_from_data_flash$$Load                       fsp_gen.lld:339
                                                  ./ra/fsp/src/bsp/mcu/ra8p1/bsp_linker.o
__ram_from_flash$$Base                            fsp_gen.lld:610
                                                  ./ra/fsp/src/bsp/mcu/ra8p1/bsp_linker.o
__ram_from_flash$$Limit                           fsp_gen.lld:617
                                                  ./ra/fsp/src/bsp/mcu/ra8p1/bsp_linker.o
__ram_from_flash$$Load                            fsp_gen.lld:610
                                                  ./ra/fsp/src/bsp/mcu/ra8p1/bsp_linker.o
__ram_tdata$$Base                                 fsp_gen.lld:659
                                                  ./ra/fsp/src/bsp/mcu/ra8p1/bsp_linker.o
__ram_tdata$$Limit                                fsp_gen.lld:663
                                                  ./ra/fsp/src/bsp/mcu/ra8p1/bsp_linker.o
__ram_tdata$$Load                                 fsp_gen.lld:659
                                                  ./ra/fsp/src/bsp/mcu/ra8p1/bsp_linker.o
SystemCoreClockUpdate                             ./ra/fsp/src/bsp/mcu/all/bsp_clocks.o
                                                  ./ra/fsp/src/bsp/cmsis/Device/RENESAS/Source/system.o
SystemCoreClock                                   ./ra/fsp/src/bsp/cmsis/Device/RENESAS/Source/system.o
                                                  ./ra/fsp/src/bsp/mcu/all/bsp_clocks.o
                                                  ./ra/fsp/src/bsp/mcu/all/bsp_delay.o
bsp_clock_init                                    ./ra/fsp/src/bsp/mcu/all/bsp_clocks.o
                                                  ./ra/fsp/src/bsp/cmsis/Device/RENESAS/Source/system.o
R_BSP_SubClockStabilizeWaitAfterReset             ./ra/fsp/src/bsp/mcu/all/bsp_clocks.o
R_BSP_Init_RTC                                    ./ra/fsp/src/bsp/mcu/all/bsp_clocks.o
                                                  ./ra/fsp/src/bsp/cmsis/Device/RENESAS/Source/system.o
bsp_init                                          ./ra/board/ra8p1_ek/board_init.o
                                                  ./ra/fsp/src/bsp/mcu/all/bsp_common.o
                                                  ./ra/fsp/src/bsp/cmsis/Device/RENESAS/Source/system.o
bsp_prv_software_delay_loop                       ./ra/fsp/src/bsp/mcu/all/bsp_delay.o
g_bsp_group_irq_sources                           ./ra/fsp/src/bsp/mcu/all/bsp_group_irq.o
NMI_Handler                                       ./ra/fsp/src/bsp/mcu/all/bsp_group_irq.o
                                                  ./ra/fsp/src/bsp/cmsis/Device/RENESAS/Source/startup.o
bsp_irq_cfg                                       ./ra/fsp/src/bsp/mcu/all/bsp_irq.o
                                                  ./ra/fsp/src/bsp/cmsis/Device/RENESAS/Source/system.o
g_protect_counters                                ./ra/fsp/src/bsp/mcu/all/bsp_register_protection.o
Reset_Handler                                     ./ra/fsp/src/bsp/cmsis/Device/RENESAS/Source/startup.o
SystemInit                                        ./ra/fsp/src/bsp/cmsis/Device/RENESAS/Source/system.o
                                                  ./ra/fsp/src/bsp/cmsis/Device/RENESAS/Source/startup.o
Default_Handler                                   ./ra/fsp/src/bsp/cmsis/Device/RENESAS/Source/startup.o
g_main_stack                                      ./ra/fsp/src/bsp/cmsis/Device/RENESAS/Source/startup.o
                                                  ./ra/fsp/src/bsp/cmsis/Device/RENESAS/Source/system.o
__Vectors                                         ./ra/fsp/src/bsp/cmsis/Device/RENESAS/Source/startup.o
                                                  ./ra/fsp/src/bsp/cmsis/Device/RENESAS/Source/system.o
HardFault_Handler                                 ./ra/fsp/src/bsp/cmsis/Device/RENESAS/Source/startup.o
MemManage_Handler                                 ./ra/fsp/src/bsp/cmsis/Device/RENESAS/Source/startup.o
BusFault_Handler                                  ./ra/fsp/src/bsp/cmsis/Device/RENESAS/Source/startup.o
UsageFault_Handler                                ./ra/fsp/src/bsp/cmsis/Device/RENESAS/Source/startup.o
SecureFault_Handler                               ./ra/fsp/src/bsp/cmsis/Device/RENESAS/Source/startup.o
SVC_Handler                                       ./ra/fsp/src/bsp/cmsis/Device/RENESAS/Source/startup.o
DebugMon_Handler                                  ./ra/fsp/src/bsp/cmsis/Device/RENESAS/Source/startup.o
PendSV_Handler                                    ./ra/fsp/src/bsp/cmsis/Device/RENESAS/Source/startup.o
SysTick_Handler                                   ./ra/fsp/src/bsp/cmsis/Device/RENESAS/Source/startup.o
__aeabi_memcpy4                                   /Applications/Renesas e2 studio with RA FSP v6.0.0/toolchains/LLVM-ET-Arm-18.1.3-Darwin-universal/bin/../lib/clang-runtimes/arm-none-eabi/armv8.1m.main_hard_fpdp_nomve_exn_rtti/lib/libc.a(memcpy.c.o)
                                                  ./ra/fsp/src/bsp/cmsis/Device/RENESAS/Source/system.o
__tls_base                                        fsp_gen.lld:1024
                                                  ./ra/fsp/src/bsp/cmsis/Device/RENESAS/Source/system.o
_init_tls                                         /Applications/Renesas e2 studio with RA FSP v6.0.0/toolchains/LLVM-ET-Arm-18.1.3-Darwin-universal/bin/../lib/clang-runtimes/arm-none-eabi/armv8.1m.main_hard_fpdp_nomve_exn_rtti/lib/libc.a(libc_picolib_inittls.c.o)
                                                  ./ra/fsp/src/bsp/cmsis/Device/RENESAS/Source/system.o
_set_tls                                          /Applications/Renesas e2 studio with RA FSP v6.0.0/toolchains/LLVM-ET-Arm-18.1.3-Darwin-universal/bin/../lib/clang-runtimes/arm-none-eabi/armv8.1m.main_hard_fpdp_nomve_exn_rtti/lib/libc.a(libc_picolib_machine_arm_tls.c.o)
                                                  ./ra/fsp/src/bsp/cmsis/Device/RENESAS/Source/system.o
__init_array_end                                  fsp_gen.lld:739
                                                  ./ra/fsp/src/bsp/cmsis/Device/RENESAS/Source/system.o
__init_array_start                                fsp_gen.lld:736
                                                  ./ra/fsp/src/bsp/cmsis/Device/RENESAS/Source/system.o
__aeabi_memclr                                    /Applications/Renesas e2 studio with RA FSP v6.0.0/toolchains/LLVM-ET-Arm-18.1.3-Darwin-universal/bin/../lib/clang-runtimes/arm-none-eabi/armv8.1m.main_hard_fpdp_nomve_exn_rtti/lib/libc.a(bzero.c.o)
                                                  /Applications/Renesas e2 studio with RA FSP v6.0.0/toolchains/LLVM-ET-Arm-18.1.3-Darwin-universal/bin/../lib/clang-runtimes/arm-none-eabi/armv8.1m.main_hard_fpdp_nomve_exn_rtti/lib/libc.a(libc_picolib_inittls.c.o)
__tdata_source                                    fsp_gen.lld:1025
                                                  /Applications/Renesas e2 studio with RA FSP v6.0.0/toolchains/LLVM-ET-Arm-18.1.3-Darwin-universal/bin/../lib/clang-runtimes/arm-none-eabi/armv8.1m.main_hard_fpdp_nomve_exn_rtti/lib/libc.a(libc_picolib_inittls.c.o)
__tdata_size                                      fsp_gen.lld:1026
                                                  /Applications/Renesas e2 studio with RA FSP v6.0.0/toolchains/LLVM-ET-Arm-18.1.3-Darwin-universal/bin/../lib/clang-runtimes/arm-none-eabi/armv8.1m.main_hard_fpdp_nomve_exn_rtti/lib/libc.a(libc_picolib_inittls.c.o)
__tbss_offset                                     fsp_gen.lld:1027
                                                  /Applications/Renesas e2 studio with RA FSP v6.0.0/toolchains/LLVM-ET-Arm-18.1.3-Darwin-universal/bin/../lib/clang-runtimes/arm-none-eabi/armv8.1m.main_hard_fpdp_nomve_exn_rtti/lib/libc.a(libc_picolib_inittls.c.o)
__tbss_size                                       fsp_gen.lld:1028
                                                  /Applications/Renesas e2 studio with RA FSP v6.0.0/toolchains/LLVM-ET-Arm-18.1.3-Darwin-universal/bin/../lib/clang-runtimes/arm-none-eabi/armv8.1m.main_hard_fpdp_nomve_exn_rtti/lib/libc.a(libc_picolib_inittls.c.o)
__arm32_tls_tcb_offset                            fsp_gen.lld:1029
                                                  /Applications/Renesas e2 studio with RA FSP v6.0.0/toolchains/LLVM-ET-Arm-18.1.3-Darwin-universal/bin/../lib/clang-runtimes/arm-none-eabi/armv8.1m.main_hard_fpdp_nomve_exn_rtti/lib/libc.a(libc_picolib_machine_arm_tls.c.o)
__tls                                             /Applications/Renesas e2 studio with RA FSP v6.0.0/toolchains/LLVM-ET-Arm-18.1.3-Darwin-universal/bin/../lib/clang-runtimes/arm-none-eabi/armv8.1m.main_hard_fpdp_nomve_exn_rtti/lib/libc.a(libc_picolib_machine_arm_read_tp.S.o)
                                                  /Applications/Renesas e2 studio with RA FSP v6.0.0/toolchains/LLVM-ET-Arm-18.1.3-Darwin-universal/bin/../lib/clang-runtimes/arm-none-eabi/armv8.1m.main_hard_fpdp_nomve_exn_rtti/lib/libc.a(libc_picolib_machine_arm_tls.c.o)
bzero                                             /Applications/Renesas e2 studio with RA FSP v6.0.0/toolchains/LLVM-ET-Arm-18.1.3-Darwin-universal/bin/../lib/clang-runtimes/arm-none-eabi/armv8.1m.main_hard_fpdp_nomve_exn_rtti/lib/libc.a(bzero.c.o)
memset                                            /Applications/Renesas e2 studio with RA FSP v6.0.0/toolchains/LLVM-ET-Arm-18.1.3-Darwin-universal/bin/../lib/clang-runtimes/arm-none-eabi/armv8.1m.main_hard_fpdp_nomve_exn_rtti/lib/libc.a(memset.c.o)
                                                  /Applications/Renesas e2 studio with RA FSP v6.0.0/toolchains/LLVM-ET-Arm-18.1.3-Darwin-universal/bin/../lib/clang-runtimes/arm-none-eabi/armv8.1m.main_hard_fpdp_nomve_exn_rtti/lib/libc.a(bzero.c.o)
__aeabi_memclr8                                   /Applications/Renesas e2 studio with RA FSP v6.0.0/toolchains/LLVM-ET-Arm-18.1.3-Darwin-universal/bin/../lib/clang-runtimes/arm-none-eabi/armv8.1m.main_hard_fpdp_nomve_exn_rtti/lib/libc.a(bzero.c.o)
memcpy                                            /Applications/Renesas e2 studio with RA FSP v6.0.0/toolchains/LLVM-ET-Arm-18.1.3-Darwin-universal/bin/../lib/clang-runtimes/arm-none-eabi/armv8.1m.main_hard_fpdp_nomve_exn_rtti/lib/libc.a(memcpy.c.o)
__aeabi_memcpy8                                   /Applications/Renesas e2 studio with RA FSP v6.0.0/toolchains/LLVM-ET-Arm-18.1.3-Darwin-universal/bin/../lib/clang-runtimes/arm-none-eabi/armv8.1m.main_hard_fpdp_nomve_exn_rtti/lib/libc.a(memcpy.c.o)
